Archive member included to satisfy reference by file (symbol)

C:/ST/STM32CubeIDE_1.17.0/STM32CubeIDE/plugins/com.st.stm32cube.ide.mcu.externaltools.gnu-tools-for-stm32.13.3.rel1.win32_1.0.0.202411081344/tools/bin/../lib/gcc/arm-none-eabi/13.3.1/../../../../arm-none-eabi/lib/thumb/v7e-m+fp/hard\libc_nano.a(libc_a-exit.o)
                              C:/ST/STM32CubeIDE_1.17.0/STM32CubeIDE/plugins/com.st.stm32cube.ide.mcu.externaltools.gnu-tools-for-stm32.13.3.rel1.win32_1.0.0.202411081344/tools/bin/../lib/gcc/arm-none-eabi/13.3.1/../../../../arm-none-eabi/lib/thumb/v7e-m+fp/hard/crt0.o (exit)
C:/ST/STM32CubeIDE_1.17.0/STM32CubeIDE/plugins/com.st.stm32cube.ide.mcu.externaltools.gnu-tools-for-stm32.13.3.rel1.win32_1.0.0.202411081344/tools/bin/../lib/gcc/arm-none-eabi/13.3.1/../../../../arm-none-eabi/lib/thumb/v7e-m+fp/hard\libc_nano.a(libc_a-findfp.o)
                              C:/ST/STM32CubeIDE_1.17.0/STM32CubeIDE/plugins/com.st.stm32cube.ide.mcu.externaltools.gnu-tools-for-stm32.13.3.rel1.win32_1.0.0.202411081344/tools/bin/../lib/gcc/arm-none-eabi/13.3.1/../../../../arm-none-eabi/lib/thumb/v7e-m+fp/hard\libc_nano.a(libc_a-exit.o) (__stdio_exit_handler)
C:/ST/STM32CubeIDE_1.17.0/STM32CubeIDE/plugins/com.st.stm32cube.ide.mcu.externaltools.gnu-tools-for-stm32.13.3.rel1.win32_1.0.0.202411081344/tools/bin/../lib/gcc/arm-none-eabi/13.3.1/../../../../arm-none-eabi/lib/thumb/v7e-m+fp/hard\libc_nano.a(libc_a-fwalk.o)
                              C:/ST/STM32CubeIDE_1.17.0/STM32CubeIDE/plugins/com.st.stm32cube.ide.mcu.externaltools.gnu-tools-for-stm32.13.3.rel1.win32_1.0.0.202411081344/tools/bin/../lib/gcc/arm-none-eabi/13.3.1/../../../../arm-none-eabi/lib/thumb/v7e-m+fp/hard\libc_nano.a(libc_a-findfp.o) (_fwalk_sglue)
C:/ST/STM32CubeIDE_1.17.0/STM32CubeIDE/plugins/com.st.stm32cube.ide.mcu.externaltools.gnu-tools-for-stm32.13.3.rel1.win32_1.0.0.202411081344/tools/bin/../lib/gcc/arm-none-eabi/13.3.1/../../../../arm-none-eabi/lib/thumb/v7e-m+fp/hard\libc_nano.a(libc_a-stdio.o)
                              C:/ST/STM32CubeIDE_1.17.0/STM32CubeIDE/plugins/com.st.stm32cube.ide.mcu.externaltools.gnu-tools-for-stm32.13.3.rel1.win32_1.0.0.202411081344/tools/bin/../lib/gcc/arm-none-eabi/13.3.1/../../../../arm-none-eabi/lib/thumb/v7e-m+fp/hard\libc_nano.a(libc_a-findfp.o) (__sread)
C:/ST/STM32CubeIDE_1.17.0/STM32CubeIDE/plugins/com.st.stm32cube.ide.mcu.externaltools.gnu-tools-for-stm32.13.3.rel1.win32_1.0.0.202411081344/tools/bin/../lib/gcc/arm-none-eabi/13.3.1/../../../../arm-none-eabi/lib/thumb/v7e-m+fp/hard\libc_nano.a(libc_a-memset.o)
                              C:/ST/STM32CubeIDE_1.17.0/STM32CubeIDE/plugins/com.st.stm32cube.ide.mcu.externaltools.gnu-tools-for-stm32.13.3.rel1.win32_1.0.0.202411081344/tools/bin/../lib/gcc/arm-none-eabi/13.3.1/../../../../arm-none-eabi/lib/thumb/v7e-m+fp/hard/crt0.o (memset)
C:/ST/STM32CubeIDE_1.17.0/STM32CubeIDE/plugins/com.st.stm32cube.ide.mcu.externaltools.gnu-tools-for-stm32.13.3.rel1.win32_1.0.0.202411081344/tools/bin/../lib/gcc/arm-none-eabi/13.3.1/../../../../arm-none-eabi/lib/thumb/v7e-m+fp/hard\libc_nano.a(libc_a-closer.o)
                              C:/ST/STM32CubeIDE_1.17.0/STM32CubeIDE/plugins/com.st.stm32cube.ide.mcu.externaltools.gnu-tools-for-stm32.13.3.rel1.win32_1.0.0.202411081344/tools/bin/../lib/gcc/arm-none-eabi/13.3.1/../../../../arm-none-eabi/lib/thumb/v7e-m+fp/hard\libc_nano.a(libc_a-stdio.o) (_close_r)
C:/ST/STM32CubeIDE_1.17.0/STM32CubeIDE/plugins/com.st.stm32cube.ide.mcu.externaltools.gnu-tools-for-stm32.13.3.rel1.win32_1.0.0.202411081344/tools/bin/../lib/gcc/arm-none-eabi/13.3.1/../../../../arm-none-eabi/lib/thumb/v7e-m+fp/hard\libc_nano.a(libc_a-reent.o)
                              C:/ST/STM32CubeIDE_1.17.0/STM32CubeIDE/plugins/com.st.stm32cube.ide.mcu.externaltools.gnu-tools-for-stm32.13.3.rel1.win32_1.0.0.202411081344/tools/bin/../lib/gcc/arm-none-eabi/13.3.1/../../../../arm-none-eabi/lib/thumb/v7e-m+fp/hard\libc_nano.a(libc_a-closer.o) (errno)
C:/ST/STM32CubeIDE_1.17.0/STM32CubeIDE/plugins/com.st.stm32cube.ide.mcu.externaltools.gnu-tools-for-stm32.13.3.rel1.win32_1.0.0.202411081344/tools/bin/../lib/gcc/arm-none-eabi/13.3.1/../../../../arm-none-eabi/lib/thumb/v7e-m+fp/hard\libc_nano.a(libc_a-impure.o)
                              C:/ST/STM32CubeIDE_1.17.0/STM32CubeIDE/plugins/com.st.stm32cube.ide.mcu.externaltools.gnu-tools-for-stm32.13.3.rel1.win32_1.0.0.202411081344/tools/bin/../lib/gcc/arm-none-eabi/13.3.1/../../../../arm-none-eabi/lib/thumb/v7e-m+fp/hard\libc_nano.a(libc_a-reent.o) (_impure_ptr)
C:/ST/STM32CubeIDE_1.17.0/STM32CubeIDE/plugins/com.st.stm32cube.ide.mcu.externaltools.gnu-tools-for-stm32.13.3.rel1.win32_1.0.0.202411081344/tools/bin/../lib/gcc/arm-none-eabi/13.3.1/../../../../arm-none-eabi/lib/thumb/v7e-m+fp/hard\libc_nano.a(libc_a-lseekr.o)
[...]
Memory Configuration

Name             Origin             Length             Attributes
RAM              0x20000000         0x00008000         xrw
FLASH            0x08000000         0x00020000         xr
*default*        0x00000000         0xffffffff

Linker script and memory map

LOAD C:/ST/STM32CubeIDE_1.17.0/STM32CubeIDE/plugins/com.st.stm32cube.ide.mcu.externaltools.gnu-tools-for-stm32.13.3.rel1.win32_1.0.0.202411081344/tools/bin/../lib/gcc/arm-none-eabi/13.3.1/thumb/v7e-m+fp/hard/crti.o
LOAD C:/ST/STM32CubeIDE_1.17.0/STM32CubeIDE/plugins/com.st.stm32cube.ide.mcu.externaltools.gnu-tools-for-stm32.13.3.rel1.win32_1.0.0.202411081344/tools/bin/../lib/gcc/arm-none-eabi/13.3.1/thumb/v7e-m+fp/hard/crtbegin.o
LOAD C:/ST/STM32CubeIDE_1.17.0/STM32CubeIDE/plugins/com.st.stm32cube.ide.mcu.externaltools.gnu-tools-for-stm32.13.3.rel1.win32_1.0.0.202411081344/tools/bin/../lib/gcc/arm-none-eabi/13.3.1/../../../../arm-none-eabi/lib/thumb/v7e-m+fp/hard/crt0.o
LOAD ./Core/Src/main.o
LOAD ./Core/Src/openloop_isr.o
LOAD ./Core/Src/stm32g4xx_hal_msp.o
LOAD ./Core/Src/stm32g4xx_hal_timebase_tim.o
LOAD ./Core/Src/stm32g4xx_it.o
LOAD ./Core/Src/syscalls.o
LOAD ./Core/Src/sysmem.o
LOAD ./Core/Src/system_stm32g4xx.o
LOAD ./Core/Startup/startup_stm32g431cbux.o
LOAD ./Drivers/STM32G4xx_HAL_Driver/Src/stm32g4xx_hal.o
LOAD ./Drivers/STM32G4xx_HAL_Driver/Src/stm32g4xx_hal_cortex.o
LOAD ./Drivers/STM32G4xx_HAL_Driver/Src/stm32g4xx_hal_dma.o
LOAD ./Drivers/STM32G4xx_HAL_Driver/Src/stm32g4xx_hal_dma_ex.o
LOAD ./Drivers/STM32G4xx_HAL_Driver/Src/stm32g4xx_hal_exti.o
LOAD ./Drivers/STM32G4xx_HAL_Driver/Src/stm32g4xx_hal_flash.o
LOAD ./Drivers/STM32G4xx_HAL_Driver/Src/stm32g4xx_hal_flash_ex.o
LOAD ./Drivers/STM32G4xx_HAL_Driver/Src/stm32g4xx_hal_flash_ramfunc.o
LOAD ./Drivers/STM32G4xx_HAL_Driver/Src/stm32g4xx_hal_gpio.o
LOAD ./Drivers/STM32G4xx_HAL_Driver/Src/stm32g4xx_hal_pwr.o
LOAD ./Drivers/STM32G4xx_HAL_Driver/Src/stm32g4xx_hal_pwr_ex.o
LOAD ./Drivers/STM32G4xx_HAL_Driver/Src/stm32g4xx_hal_rcc.o
LOAD ./Drivers/STM32G4xx_HAL_Driver/Src/stm32g4xx_hal_rcc_ex.o
LOAD ./Drivers/STM32G4xx_HAL_Driver/Src/stm32g4xx_hal_tim.o
LOAD ./Drivers/STM32G4xx_HAL_Driver/Src/stm32g4xx_hal_tim_ex.o
LOAD ./Drivers/STM32G4xx_HAL_Driver/Src/stm32g4xx_ll_adc.o
LOAD ./Drivers/STM32G4xx_HAL_Driver/Src/stm32g4xx_ll_dma.o
LOAD ./Drivers/STM32G4xx_HAL_Driver/Src/stm32g4xx_ll_exti.o
LOAD ./Drivers/STM32G4xx_HAL_Driver/Src/stm32g4xx_ll_gpio.o
LOAD ./Drivers/STM32G4xx_HAL_Driver/Src/stm32g4xx_ll_rcc.o
LOAD ./Drivers/STM32G4xx_HAL_Driver/Src/stm32g4xx_ll_tim.o
LOAD ./Drivers/STM32G4xx_HAL_Driver/Src/stm32g4xx_ll_usart.o
LOAD ./Drivers/STM32G4xx_HAL_Driver/Src/stm32g4xx_ll_utils.o
START GROUP
LOAD C:/ST/STM32CubeIDE_1.17.0/STM32CubeIDE/plugins/com.st.stm32cube.ide.mcu.externaltools.gnu-tools-for-stm32.13.3.rel1.win32_1.0.0.202411081344/tools/bin/../lib/gcc/arm-none-eabi/13.3.1/../../../../arm-none-eabi/lib/thumb/v7e-m+fp/hard\libc_nano.a
LOAD C:/ST/STM32CubeIDE_1.17.0/STM32CubeIDE/plugins/com.st.stm32cube.ide.mcu.externaltools.gnu-tools-for-stm32.13.3.rel1.win32_1.0.0.202411081344/tools/bin/../lib/gcc/arm-none-eabi/13.3.1/../../../../arm-none-eabi/lib/thumb/v7e-m+fp/hard\libm.a
END GROUP
START GROUP
LOAD C:/ST/STM32CubeIDE_1.17.0/STM32CubeIDE/plugins/com.st.stm32cube.ide.mcu.externaltools.gnu-tools-for-stm32.13.3.rel1.win32_1.0.0.202411081344/tools/bin/../lib/gcc/arm-none-eabi/13.3.1/thumb/v7e-m+fp/hard\libgcc.a
LOAD C:/ST/STM32CubeIDE_1.17.0/STM32CubeIDE/plugins/com.st.stm32cube.ide.mcu.externaltools.gnu-tools-for-stm32.13.3.rel1.win32_1.0.0.202411081344/tools/bin/../lib/gcc/arm-none-eabi/13.3.1/../../../../arm-none-eabi/lib/thumb/v7e-m+fp/hard\libc_nano.a
END GROUP
START GROUP
LOAD C:/ST/STM32CubeIDE_1.17.0/STM32CubeIDE/plugins/com.st.stm32cube.ide.mcu.externaltools.gnu-tools-for-stm32.13.3.rel1.win32_1.0.0.202411081344/tools/bin/../lib/gcc/arm-none-eabi/13.3.1/thumb/v7e-m+fp/hard\libgcc.a
LOAD C:/ST/STM32CubeIDE_1.17.0/STM32CubeIDE/plugins/com.st.stm32cube.ide.mcu.externaltools.gnu-tools-for-stm32.13.3.rel1.win32_1.0.0.202411081344/tools/bin/../lib/gcc/arm-none-eabi/13.3.1/../../../../arm-none-eabi/lib/thumb/v7e-m+fp/hard\libc_nano.a
LOAD C:/ST/STM32CubeIDE_1.17.0/STM32CubeIDE/plugins/com.st.stm32cube.ide.mcu.externaltools.gnu-tools-for-stm32.13.3.rel1.win32_1.0.0.202411081344/tools/bin/../lib/gcc/arm-none-eabi/13.3.1/../../../../arm-none-eabi/lib/thumb/v7e-m+fp/hard\libnosys.a
END GROUP
START GROUP
LOAD C:/ST/STM32CubeIDE_1.17.0/STM32CubeIDE/plugins/com.st.stm32cube.ide.mcu.externaltools.gnu-tools-for-stm32.13.3.rel1.win32_1.0.0.202411081344/tools/bin/../lib/gcc/arm-none-eabi/13.3.1/thumb/v7e-m+fp/hard\libgcc.a
LOAD C:/ST/STM32CubeIDE_1.17.0/STM32CubeIDE/plugins/com.st.stm32cube.ide.mcu.externaltools.gnu-tools-for-stm32.13.3.rel1.win32_1.0.0.202411081344/tools/bin/../lib/gcc/arm-none-eabi/13.3.1/../../../../arm-none-eabi/lib/thumb/v7e-m+fp/hard\libc_nano.a
LOAD C:/ST/STM32CubeIDE_1.17.0/STM32CubeIDE/plugins/com.st.stm32cube.ide.mcu.externaltools.gnu-tools-for-stm32.13.3.rel1.win32_1.0.0.202411081344/tools/bin/../lib/gcc/arm-none-eabi/13.3.1/../../../../arm-none-eabi/lib/thumb/v7e-m+fp/hard\libnosys.a
END GROUP
LOAD C:/ST/STM32CubeIDE_1.17.0/STM32CubeIDE/plugins/com.st.stm32cube.ide.mcu.externaltools.gnu-tools-for-stm32.13.3.rel1.win32_1.0.0.202411081344/tools/bin/../lib/gcc/arm-none-eabi/13.3.1/thumb/v7e-m+fp/hard/crtend.o
LOAD C:/ST/STM32CubeIDE_1.17.0/STM32CubeIDE/plugins/com.st.stm32cube.ide.mcu.externaltools.gnu-tools-for-stm32.13.3.rel1.win32_1.0.0.202411081344/tools/bin/../lib/gcc/arm-none-eabi/13.3.1/thumb/v7e-m+fp/hard/crtn.o
                0x20008000                        _estack = (ORIGIN (RAM) + LENGTH (RAM))
                0x00000200                        _Min_Heap_Size = 0x200
                0x00000400                        _Min_Stack_Size = 0x400

.isr_vector     0x08000000      0x1d8
                0x08000000                        . = ALIGN (0x4)
 *(.isr_vector)
 .isr_vector    0x08000000      0x1d8 ./Core/Startup/startup_stm32g431cbux.o
                0x08000000                g_pfnVectors
                0x080001d8                        . = ALIGN (0x4)

.text           0x080001d8     0x4528
                0x080001d8                        . = ALIGN (0x4)
 *(.text)
 .text          0x080001d8       0x40 C:/ST/STM32CubeIDE_1.17.0/STM32CubeIDE/plugins/com.st.stm32cube.ide.mcu.externaltools.gnu-tools-for-stm32.13.3.rel1.win32_1.0.0.202411081344/tools/bin/../lib/gcc/arm-none-eabi/13.3.1/thumb/v7e-m+fp/hard/crtbegin.o
 *(.text*)
 .text.__NVIC_GetPriorityGrouping
                0x08000218       0x1c ./Core/Src/main.o
 .text.__NVIC_EnableIRQ
                0x08000234       0x3c ./Core/Src/main.o
 .text.__NVIC_SetPriority
                0x08000270       0x54 ./Core/Src/main.o
 .text.NVIC_EncodePriority
                0x080002c4       0x66 ./Core/Src/main.o
 .text.LL_ADC_SetGainCompensation
                0x0800032a       0x4a ./Core/Src/main.o
 .text.LL_ADC_INJ_SetTriggerSource
                0x08000374       0x26 ./Core/Src/main.o
 .text.LL_ADC_INJ_SetTriggerEdge
                0x0800039a       0x26 ./Core/Src/main.o
 .text.LL_ADC_INJ_SetSequencerRanks
                0x080003c0       0x44 ./Core/Src/main.o
 .text.LL_ADC_INJ_SetQueueMode
                0x08000404       0x2a ./Core/Src/main.o
 .text.LL_ADC_SetChannelSamplingTime
                0x0800042e       0x56 ./Core/Src/main.o
 .text.LL_ADC_SetChannelSingleDiff
                0x08000484       0x48 ./Core/Src/main.o
 .text.LL_ADC_SetOverSamplingScope
                0x080004cc       0x2a ./Core/Src/main.o
 .text.LL_ADC_DisableDeepPowerDown
                0x080004f6       0x24 ./Core/Src/main.o
 .text.LL_ADC_EnableInternalRegulator
                0x0800051a       0x28 ./Core/Src/main.o
 .text.LL_ADC_Enable
                0x08000542       0x28 ./Core/Src/main.o
 .text.LL_ADC_StartCalibration
                0x0800056a       0x32 ./Core/Src/main.o
 .text.LL_ADC_IsCalibrationOnGoing
                0x0800059c       0x28 ./Core/Src/main.o
 .text.LL_ADC_INJ_StartConversion
                0x080005c4       0x28 ./Core/Src/main.o
 .text.LL_ADC_IsActiveFlag_ADRDY
                0x080005ec       0x26 ./Core/Src/main.o
 .text.LL_ADC_EnableIT_JEOS
                0x08000612       0x20 ./Core/Src/main.o
 *fill*         0x08000632        0x2 
 .text.LL_RCC_HSE_EnableCSS
                0x08000634       0x20 ./Core/Src/main.o
 .text.LL_RCC_HSE_Enable
                0x08000654       0x20 ./Core/Src/main.o
 .text.LL_RCC_HSE_IsReady
                0x08000674       0x28 ./Core/Src/main.o
 .text.LL_RCC_SetSysClkSource
                0x0800069c       0x28 ./Core/Src/main.o
 .text.LL_RCC_GetSysClkSource
                0x080006c4       0x1c ./Core/Src/main.o
 .text.LL_RCC_SetAHBPrescaler
                0x080006e0       0x28 ./Core/Src/main.o
 .text.LL_RCC_SetAPB1Prescaler
                0x08000708       0x28 ./Core/Src/main.o
 .text.LL_RCC_SetAPB2Prescaler
                0x08000730       0x28 ./Core/Src/main.o
 .text.LL_RCC_SetUSARTClockSource
                0x08000758       0x34 ./Core/Src/main.o
 .text.LL_RCC_SetADCClockSource
                0x0800078c       0x48 ./Core/Src/main.o
 .text.LL_RCC_PLL_Enable
                0x080007d4       0x20 ./Core/Src/main.o
 .text.LL_RCC_PLL_IsReady
                0x080007f4       0x28 ./Core/Src/main.o
 .text.LL_RCC_PLL_ConfigDomain_SYS
                0x0800081c       0x40 ./Core/Src/main.o
 .text.LL_RCC_PLL_EnableDomain_SYS
                0x0800085c       0x20 ./Core/Src/main.o
 .text.LL_AHB2_GRP1_EnableClock
                0x0800087c       0x30 ./Core/Src/main.o
 .text.LL_APB1_GRP1_EnableClock
                0x080008ac       0x30 ./Core/Src/main.o
 .text.LL_APB2_GRP1_EnableClock
                0x080008dc       0x30 ./Core/Src/main.o
 .text.LL_FLASH_SetLatency
                0x0800090c       0x28 ./Core/Src/main.o
 .text.LL_FLASH_GetLatency
                0x08000934       0x1c ./Core/Src/main.o
 .text.LL_PWR_EnableRange1BoostMode
                0x08000950       0x24 ./Core/Src/main.o
 .text.LL_TIM_EnableCounter
                0x08000974       0x20 ./Core/Src/main.o
 .text.LL_TIM_DisableARRPreload
                0x08000994       0x20 ./Core/Src/main.o
 .text.LL_TIM_SetRepetitionCounter
                0x080009b4       0x1c ./Core/Src/main.o
 .text.LL_TIM_CC_EnableChannel
                0x080009d0       0x22 ./Core/Src/main.o
 *fill*         0x080009f2        0x2 
 .text.LL_TIM_OC_DisableFast
                0x080009f4       0xb0 ./Core/Src/main.o
 .text.LL_TIM_OC_EnablePreload
                0x08000aa4       0xac ./Core/Src/main.o
 .text.LL_TIM_SetTriggerOutput
                0x08000b50       0x2a ./Core/Src/main.o
 .text.LL_TIM_SetTriggerOutput2
                0x08000b7a       0x26 ./Core/Src/main.o
 .text.LL_TIM_DisableMasterSlaveMode
                0x08000ba0       0x20 ./Core/Src/main.o
 .text.LL_TIM_EnableAllOutputs
                0x08000bc0       0x20 ./Core/Src/main.o
 .text.LL_USART_Enable
                0x08000be0       0x20 ./Core/Src/main.o
 .text.LL_USART_DisableFIFO
                0x08000c00       0x20 ./Core/Src/main.o
 .text.LL_USART_SetTXFIFOThreshold
                0x08000c20       0x4e ./Core/Src/main.o
 .text.LL_USART_SetRXFIFOThreshold
                0x08000c6e       0x4e ./Core/Src/main.o
 .text.LL_USART_ConfigAsyncMode
                0x08000cbc       0x2c ./Core/Src/main.o
 .text.LL_USART_IsActiveFlag_TEACK
                0x08000ce8       0x28 ./Core/Src/main.o
 .text.LL_USART_IsActiveFlag_REACK
                0x08000d10       0x28 ./Core/Src/main.o
 .text.main     0x08000d38       0xe0 ./Core/Src/main.o
                0x08000d38                main
 .text.SystemClock_Config
                0x08000e18       0xb0 ./Core/Src/main.o
                0x08000e18                SystemClock_Config
 .text.MX_ADC1_Init
                0x08000ec8      0x204 ./Core/Src/main.o
 .text.MX_TIM1_Init
                0x080010cc      0x254 ./Core/Src/main.o
 .text.MX_USART2_UART_Init
                0x08001320      0x11c ./Core/Src/main.o
 .text.MX_GPIO_Init
                0x0800143c       0x20 ./Core/Src/main.o
 .text.HAL_TIM_PeriodElapsedCallback
                0x0800145c       0x1e ./Core/Src/main.o
                0x0800145c                HAL_TIM_PeriodElapsedCallback
 .text.Error_Handler
                0x0800147a        0xc ./Core/Src/main.o
                0x0800147a                Error_Handler
 .text.LL_USART_EnableIT_TXE_TXFNF
                0x08001486       0x42 ./Core/Src/openloop_isr.o
 .text.init_sine_lut
                0x080014c8       0x64 ./Core/Src/openloop_isr.o
                0x080014c8                init_sine_lut
 .text.sin_from_lut
                0x0800152c       0x94 ./Core/Src/openloop_isr.o
 .text.motor_control_isr
                0x080015c0      0x230 ./Core/Src/openloop_isr.o
                0x080015c0                motor_control_isr
 .text.update_open_loop_params
                0x080017f0       0x7c ./Core/Src/openloop_isr.o
                0x080017f0                update_open_loop_params
 .text.HAL_MspInit
                0x0800186c       0x48 ./Core/Src/stm32g4xx_hal_msp.o
                0x0800186c                HAL_MspInit
 .text.HAL_InitTick
                0x080018b4       0xd8 ./Core/Src/stm32g4xx_hal_timebase_tim.o
                0x080018b4                HAL_InitTick
 .text.LL_ADC_INJ_ReadConversionData12
                0x0800198c       0x30 ./Core/Src/stm32g4xx_it.o
 .text.LL_ADC_IsActiveFlag_JEOS
                0x080019bc       0x26 ./Core/Src/stm32g4xx_it.o
 .text.LL_ADC_ClearFlag_JEOS
                0x080019e2       0x1a ./Core/Src/stm32g4xx_it.o
 .text.LL_TIM_OC_SetCompareCH1
                0x080019fc       0x1c ./Core/Src/stm32g4xx_it.o
 .text.LL_TIM_OC_SetCompareCH2
                0x08001a18       0x1c ./Core/Src/stm32g4xx_it.o
 .text.LL_TIM_OC_SetCompareCH3
                0x08001a34       0x1c ./Core/Src/stm32g4xx_it.o
 .text.LL_USART_IsActiveFlag_TXE_TXFNF
                0x08001a50       0x26 ./Core/Src/stm32g4xx_it.o
 .text.LL_USART_DisableIT_TXE_TXFNF
                0x08001a76       0x42 ./Core/Src/stm32g4xx_it.o
 .text.LL_USART_TransmitData8
                0x08001ab8       0x1e ./Core/Src/stm32g4xx_it.o
 .text.NMI_Handler
                0x08001ad6        0x8 ./Core/Src/stm32g4xx_it.o
                0x08001ad6                NMI_Handler
 .text.HardFault_Handler
                0x08001ade        0x8 ./Core/Src/stm32g4xx_it.o
                0x08001ade                HardFault_Handler
 .text.MemManage_Handler
                0x08001ae6        0x8 ./Core/Src/stm32g4xx_it.o
                0x08001ae6                MemManage_Handler
 .text.BusFault_Handler
                0x08001aee        0x8 ./Core/Src/stm32g4xx_it.o
                0x08001aee                BusFault_Handler
 .text.UsageFault_Handler
                0x08001af6        0x8 ./Core/Src/stm32g4xx_it.o
                0x08001af6                UsageFault_Handler
 .text.SVC_Handler
                0x08001afe        0xe ./Core/Src/stm32g4xx_it.o
                0x08001afe                SVC_Handler
 .text.DebugMon_Handler
                0x08001b0c        0xe ./Core/Src/stm32g4xx_it.o
                0x08001b0c                DebugMon_Handler
 .text.PendSV_Handler
                0x08001b1a        0xe ./Core/Src/stm32g4xx_it.o
                0x08001b1a                PendSV_Handler
 .text.SysTick_Handler
                0x08001b28        0xe ./Core/Src/stm32g4xx_it.o
                0x08001b28                SysTick_Handler
 *fill*         0x08001b36        0x2 
 .text.ADC1_2_IRQHandler
                0x08001b38       0x98 ./Core/Src/stm32g4xx_it.o
                0x08001b38                ADC1_2_IRQHandler
 .text.TIM2_IRQHandler
                0x08001bd0       0x14 ./Core/Src/stm32g4xx_it.o
                0x08001bd0                TIM2_IRQHandler
 .text.USART2_IRQHandler
                0x08001be4       0x60 ./Core/Src/stm32g4xx_it.o
                0x08001be4                USART2_IRQHandler
 .text.SystemInit
                0x08001c44       0x24 ./Core/Src/system_stm32g4xx.o
                0x08001c44                SystemInit
 .text.Reset_Handler
                0x08001c68       0x50 ./Core/Startup/startup_stm32g431cbux.o
                0x08001c68                Reset_Handler
 .text.Default_Handler
                0x08001cb8        0x2 ./Core/Startup/startup_stm32g431cbux.o
                0x08001cb8                RTC_Alarm_IRQHandler
                0x08001cb8                EXTI2_IRQHandler
                0x08001cb8                TIM8_TRG_COM_IRQHandler
                0x08001cb8                TIM8_CC_IRQHandler
                0x08001cb8                TIM1_CC_IRQHandler
                0x08001cb8                USB_HP_IRQHandler
                0x08001cb8                CORDIC_IRQHandler
                0x08001cb8                EXTI3_IRQHandler
                0x08001cb8                I2C3_ER_IRQHandler
                0x08001cb8                EXTI0_IRQHandler
                0x08001cb8                I2C2_EV_IRQHandler
                0x08001cb8                FPU_IRQHandler
                0x08001cb8                FDCAN1_IT1_IRQHandler
                0x08001cb8                TIM1_UP_TIM16_IRQHandler
                0x08001cb8                SPI1_IRQHandler
                0x08001cb8                TIM6_DAC_IRQHandler
                0x08001cb8                TIM8_UP_IRQHandler
                0x08001cb8                DMA2_Channel2_IRQHandler
                0x08001cb8                DMA1_Channel4_IRQHandler
                0x08001cb8                USART3_IRQHandler
                0x08001cb8                TIM4_IRQHandler
                0x08001cb8                DMA2_Channel1_IRQHandler
                0x08001cb8                I2C1_EV_IRQHandler
                0x08001cb8                DMA1_Channel6_IRQHandler
                0x08001cb8                UART4_IRQHandler
                0x08001cb8                DMA2_Channel4_IRQHandler
                0x08001cb8                TIM3_IRQHandler
                0x08001cb8                RCC_IRQHandler
                0x08001cb8                DMA1_Channel1_IRQHandler
                0x08001cb8                Default_Handler
                0x08001cb8                RTC_TAMP_LSECSS_IRQHandler
                0x08001cb8                FMAC_IRQHandler
                0x08001cb8                EXTI15_10_IRQHandler
                0x08001cb8                TIM7_IRQHandler
                0x08001cb8                UCPD1_IRQHandler
                0x08001cb8                I2C3_EV_IRQHandler
                0x08001cb8                EXTI9_5_IRQHandler
                0x08001cb8                RTC_WKUP_IRQHandler
                0x08001cb8                PVD_PVM_IRQHandler
                0x08001cb8                SPI2_IRQHandler
                0x08001cb8                DMA2_Channel5_IRQHandler
                0x08001cb8                CRS_IRQHandler
                0x08001cb8                DMA1_Channel5_IRQHandler
                0x08001cb8                USB_LP_IRQHandler
                0x08001cb8                EXTI4_IRQHandler
                0x08001cb8                RNG_IRQHandler
                0x08001cb8                TIM1_TRG_COM_TIM17_IRQHandler
                0x08001cb8                DMA1_Channel3_IRQHandler
                0x08001cb8                WWDG_IRQHandler
                0x08001cb8                LPUART1_IRQHandler
                0x08001cb8                DMA2_Channel6_IRQHandler
                0x08001cb8                FDCAN1_IT0_IRQHandler
                0x08001cb8                COMP1_2_3_IRQHandler
                0x08001cb8                EXTI1_IRQHandler
                0x08001cb8                I2C2_ER_IRQHandler
                0x08001cb8                DMA1_Channel2_IRQHandler
                0x08001cb8                TIM8_BRK_IRQHandler
                0x08001cb8                FLASH_IRQHandler
                0x08001cb8                USART1_IRQHandler
                0x08001cb8                SPI3_IRQHandler
                0x08001cb8                I2C1_ER_IRQHandler
                0x08001cb8                LPTIM1_IRQHandler
                0x08001cb8                DMAMUX_OVR_IRQHandler
                0x08001cb8                USBWakeUp_IRQHandler
                0x08001cb8                SAI1_IRQHandler
                0x08001cb8                DMA2_Channel3_IRQHandler
                0x08001cb8                COMP4_IRQHandler
                0x08001cb8                TIM1_BRK_TIM15_IRQHandler
 .text.HAL_Init
                0x08001cba       0x30 ./Drivers/STM32G4xx_HAL_Driver/Src/stm32g4xx_hal.o
                0x08001cba                HAL_Init
 *fill*         0x08001cea        0x2 
 .text.HAL_IncTick
                0x08001cec       0x24 ./Drivers/STM32G4xx_HAL_Driver/Src/stm32g4xx_hal.o
                0x08001cec                HAL_IncTick
 .text.__NVIC_SetPriorityGrouping
                0x08001d10       0x48 ./Drivers/STM32G4xx_HAL_Driver/Src/stm32g4xx_hal_cortex.o
 .text.__NVIC_GetPriorityGrouping
                0x08001d58       0x1c ./Drivers/STM32G4xx_HAL_Driver/Src/stm32g4xx_hal_cortex.o
 .text.__NVIC_EnableIRQ
                0x08001d74       0x3c ./Drivers/STM32G4xx_HAL_Driver/Src/stm32g4xx_hal_cortex.o
 .text.__NVIC_SetPriority
                0x08001db0       0x54 ./Drivers/STM32G4xx_HAL_Driver/Src/stm32g4xx_hal_cortex.o
 .text.NVIC_EncodePriority
                0x08001e04       0x66 ./Drivers/STM32G4xx_HAL_Driver/Src/stm32g4xx_hal_cortex.o
 .text.HAL_NVIC_SetPriorityGrouping
                0x08001e6a       0x16 ./Drivers/STM32G4xx_HAL_Driver/Src/stm32g4xx_hal_cortex.o
                0x08001e6a                HAL_NVIC_SetPriorityGrouping
 .text.HAL_NVIC_SetPriority
                0x08001e80       0x34 ./Drivers/STM32G4xx_HAL_Driver/Src/stm32g4xx_hal_cortex.o
                0x08001e80                HAL_NVIC_SetPriority
 .text.HAL_NVIC_EnableIRQ
                0x08001eb4       0x1c ./Drivers/STM32G4xx_HAL_Driver/Src/stm32g4xx_hal_cortex.o
                0x08001eb4                HAL_NVIC_EnableIRQ
 .text.HAL_PWREx_DisableUCPDDeadBattery
                0x08001ed0       0x20 ./Drivers/STM32G4xx_HAL_Driver/Src/stm32g4xx_hal_pwr_ex.o
                0x08001ed0                HAL_PWREx_DisableUCPDDeadBattery
 .text.HAL_RCC_GetHCLKFreq
                0x08001ef0       0x18 ./Drivers/STM32G4xx_HAL_Driver/Src/stm32g4xx_hal_rcc.o
                0x08001ef0                HAL_RCC_GetHCLKFreq
 .text.HAL_RCC_GetPCLK1Freq
                0x08001f08       0x2c ./Drivers/STM32G4xx_HAL_Driver/Src/stm32g4xx_hal_rcc.o
                0x08001f08                HAL_RCC_GetPCLK1Freq
 .text.HAL_RCC_GetClockConfig
                0x08001f34       0x64 ./Drivers/STM32G4xx_HAL_Driver/Src/stm32g4xx_hal_rcc.o
                0x08001f34                HAL_RCC_GetClockConfig
 .text.HAL_TIM_Base_Init
                0x08001f98       0xae ./Drivers/STM32G4xx_HAL_Driver/Src/stm32g4xx_hal_tim.o
                0x08001f98                HAL_TIM_Base_Init
 .text.HAL_TIM_Base_MspInit
                0x08002046       0x14 ./Drivers/STM32G4xx_HAL_Driver/Src/stm32g4xx_hal_tim.o
                0x08002046                HAL_TIM_Base_MspInit
 *fill*         0x0800205a        0x2 
 .text.HAL_TIM_Base_Start_IT
                0x0800205c       0xd4 ./Drivers/STM32G4xx_HAL_Driver/Src/stm32g4xx_hal_tim.o
                0x0800205c                HAL_TIM_Base_Start_IT
 .text.HAL_TIM_IRQHandler
                0x08002130      0x29e ./Drivers/STM32G4xx_HAL_Driver/Src/stm32g4xx_hal_tim.o
                0x08002130                HAL_TIM_IRQHandler
 .text.HAL_TIM_OC_DelayElapsedCallback
                0x080023ce       0x14 ./Drivers/STM32G4xx_HAL_Driver/Src/stm32g4xx_hal_tim.o
                0x080023ce                HAL_TIM_OC_DelayElapsedCallback
 .text.HAL_TIM_IC_CaptureCallback
                0x080023e2       0x14 ./Drivers/STM32G4xx_HAL_Driver/Src/stm32g4xx_hal_tim.o
                0x080023e2                HAL_TIM_IC_CaptureCallback
 .text.HAL_TIM_PWM_PulseFinishedCallback
                0x080023f6       0x14 ./Drivers/STM32G4xx_HAL_Driver/Src/stm32g4xx_hal_tim.o
                0x080023f6                HAL_TIM_PWM_PulseFinishedCallback
 .text.HAL_TIM_TriggerCallback
                0x0800240a       0x14 ./Drivers/STM32G4xx_HAL_Driver/Src/stm32g4xx_hal_tim.o
                0x0800240a                HAL_TIM_TriggerCallback
 *fill*         0x0800241e        0x2 
 .text.TIM_Base_SetConfig
                0x08002420      0x138 ./Drivers/STM32G4xx_HAL_Driver/Src/stm32g4xx_hal_tim.o
                0x08002420                TIM_Base_SetConfig
 .text.HAL_TIMEx_CommutCallback
                0x08002558       0x14 ./Drivers/STM32G4xx_HAL_Driver/Src/stm32g4xx_hal_tim_ex.o
                0x08002558                HAL_TIMEx_CommutCallback
 .text.HAL_TIMEx_BreakCallback
                0x0800256c       0x14 ./Drivers/STM32G4xx_HAL_Driver/Src/stm32g4xx_hal_tim_ex.o
                0x0800256c                HAL_TIMEx_BreakCallback
 .text.HAL_TIMEx_Break2Callback
                0x08002580       0x14 ./Drivers/STM32G4xx_HAL_Driver/Src/stm32g4xx_hal_tim_ex.o
                0x08002580                HAL_TIMEx_Break2Callback
 .text.HAL_TIMEx_EncoderIndexCallback
                0x08002594       0x14 ./Drivers/STM32G4xx_HAL_Driver/Src/stm32g4xx_hal_tim_ex.o
                0x08002594                HAL_TIMEx_EncoderIndexCallback
 .text.HAL_TIMEx_DirectionChangeCallback
                0x080025a8       0x14 ./Drivers/STM32G4xx_HAL_Driver/Src/stm32g4xx_hal_tim_ex.o
                0x080025a8                HAL_TIMEx_DirectionChangeCallback
 .text.HAL_TIMEx_IndexErrorCallback
                0x080025bc       0x14 ./Drivers/STM32G4xx_HAL_Driver/Src/stm32g4xx_hal_tim_ex.o
                0x080025bc                HAL_TIMEx_IndexErrorCallback
 .text.HAL_TIMEx_TransitionErrorCallback
                0x080025d0       0x14 ./Drivers/STM32G4xx_HAL_Driver/Src/stm32g4xx_hal_tim_ex.o
                0x080025d0                HAL_TIMEx_TransitionErrorCallback
 .text.LL_ADC_REG_SetSequencerLength
                0x080025e4       0x26 ./Drivers/STM32G4xx_HAL_Driver/Src/stm32g4xx_ll_adc.o
 .text.LL_ADC_IsEnabled
                0x0800260a       0x26 ./Drivers/STM32G4xx_HAL_Driver/Src/stm32g4xx_ll_adc.o
 .text.LL_ADC_CommonInit
                0x08002630       0x80 ./Drivers/STM32G4xx_HAL_Driver/Src/stm32g4xx_ll_adc.o
                0x08002630                LL_ADC_CommonInit
 .text.LL_ADC_Init
                0x080026b0       0x4c ./Drivers/STM32G4xx_HAL_Driver/Src/stm32g4xx_ll_adc.o
                0x080026b0                LL_ADC_Init
 .text.LL_ADC_REG_Init
                0x080026fc       0x94 ./Drivers/STM32G4xx_HAL_Driver/Src/stm32g4xx_ll_adc.o
                0x080026fc                LL_ADC_REG_Init
 .text.LL_ADC_INJ_Init
                0x08002790       0x7a ./Drivers/STM32G4xx_HAL_Driver/Src/stm32g4xx_ll_adc.o
                0x08002790                LL_ADC_INJ_Init
 .text.LL_GPIO_SetPinMode
                0x0800280a       0x7a ./Drivers/STM32G4xx_HAL_Driver/Src/stm32g4xx_ll_gpio.o
 .text.LL_GPIO_SetPinOutputType
                0x08002884       0x30 ./Drivers/STM32G4xx_HAL_Driver/Src/stm32g4xx_ll_gpio.o
 .text.LL_GPIO_SetPinSpeed
                0x080028b4       0x7a ./Drivers/STM32G4xx_HAL_Driver/Src/stm32g4xx_ll_gpio.o
 .text.LL_GPIO_SetPinPull
                0x0800292e       0x7a ./Drivers/STM32G4xx_HAL_Driver/Src/stm32g4xx_ll_gpio.o
 .text.LL_GPIO_SetAFPin_0_7
                0x080029a8       0x7a ./Drivers/STM32G4xx_HAL_Driver/Src/stm32g4xx_ll_gpio.o
 .text.LL_GPIO_SetAFPin_8_15
                0x08002a22       0x7e ./Drivers/STM32G4xx_HAL_Driver/Src/stm32g4xx_ll_gpio.o
 .text.LL_GPIO_Init
                0x08002aa0       0xdc ./Drivers/STM32G4xx_HAL_Driver/Src/stm32g4xx_ll_gpio.o
                0x08002aa0                LL_GPIO_Init
 .text.LL_RCC_HSI_IsReady
                0x08002b7c       0x28 ./Drivers/STM32G4xx_HAL_Driver/Src/stm32g4xx_ll_rcc.o
 .text.LL_RCC_LSE_IsReady
                0x08002ba4       0x28 ./Drivers/STM32G4xx_HAL_Driver/Src/stm32g4xx_ll_rcc.o
 .text.LL_RCC_GetSysClkSource
                0x08002bcc       0x1c ./Drivers/STM32G4xx_HAL_Driver/Src/stm32g4xx_ll_rcc.o
 .text.LL_RCC_GetAHBPrescaler
                0x08002be8       0x1c ./Drivers/STM32G4xx_HAL_Driver/Src/stm32g4xx_ll_rcc.o
 .text.LL_RCC_GetAPB1Prescaler
                0x08002c04       0x1c ./Drivers/STM32G4xx_HAL_Driver/Src/stm32g4xx_ll_rcc.o
 .text.LL_RCC_GetAPB2Prescaler
                0x08002c20       0x1c ./Drivers/STM32G4xx_HAL_Driver/Src/stm32g4xx_ll_rcc.o
 .text.LL_RCC_GetUSARTClockSource
                0x08002c3c       0x28 ./Drivers/STM32G4xx_HAL_Driver/Src/stm32g4xx_ll_rcc.o
 .text.LL_RCC_GetUARTClockSource
                0x08002c64       0x28 ./Drivers/STM32G4xx_HAL_Driver/Src/stm32g4xx_ll_rcc.o
 .text.LL_RCC_PLL_GetMainSource
                0x08002c8c       0x1c ./Drivers/STM32G4xx_HAL_Driver/Src/stm32g4xx_ll_rcc.o
 .text.LL_RCC_PLL_GetN
                0x08002ca8       0x1c ./Drivers/STM32G4xx_HAL_Driver/Src/stm32g4xx_ll_rcc.o
 .text.LL_RCC_PLL_GetR
                0x08002cc4       0x1c ./Drivers/STM32G4xx_HAL_Driver/Src/stm32g4xx_ll_rcc.o
 .text.LL_RCC_PLL_GetDivider
                0x08002ce0       0x1c ./Drivers/STM32G4xx_HAL_Driver/Src/stm32g4xx_ll_rcc.o
 .text.LL_RCC_GetUSARTClockFreq
                0x08002cfc      0x188 ./Drivers/STM32G4xx_HAL_Driver/Src/stm32g4xx_ll_rcc.o
                0x08002cfc                LL_RCC_GetUSARTClockFreq
 .text.LL_RCC_GetUARTClockFreq
                0x08002e84       0x94 ./Drivers/STM32G4xx_HAL_Driver/Src/stm32g4xx_ll_rcc.o
                0x08002e84                LL_RCC_GetUARTClockFreq
 .text.RCC_GetSystemClockFreq
                0x08002f18       0x4c ./Drivers/STM32G4xx_HAL_Driver/Src/stm32g4xx_ll_rcc.o
 .text.RCC_GetHCLKClockFreq
                0x08002f64       0x30 ./Drivers/STM32G4xx_HAL_Driver/Src/stm32g4xx_ll_rcc.o
 .text.RCC_GetPCLK1ClockFreq
                0x08002f94       0x2c ./Drivers/STM32G4xx_HAL_Driver/Src/stm32g4xx_ll_rcc.o
 .text.RCC_GetPCLK2ClockFreq
                0x08002fc0       0x2c ./Drivers/STM32G4xx_HAL_Driver/Src/stm32g4xx_ll_rcc.o
 .text.RCC_PLL_GetFreqDomain_SYS
                0x08002fec       0x68 ./Drivers/STM32G4xx_HAL_Driver/Src/stm32g4xx_ll_rcc.o
 .text.LL_TIM_SetPrescaler
                0x08003054       0x1c ./Drivers/STM32G4xx_HAL_Driver/Src/stm32g4xx_ll_tim.o
 .text.LL_TIM_SetAutoReload
                0x08003070       0x1c ./Drivers/STM32G4xx_HAL_Driver/Src/stm32g4xx_ll_tim.o
 .text.LL_TIM_SetRepetitionCounter
                0x0800308c       0x1c ./Drivers/STM32G4xx_HAL_Driver/Src/stm32g4xx_ll_tim.o
 .text.LL_TIM_OC_SetCompareCH1
                0x080030a8       0x1c ./Drivers/STM32G4xx_HAL_Driver/Src/stm32g4xx_ll_tim.o
 .text.LL_TIM_OC_SetCompareCH2
                0x080030c4       0x1c ./Drivers/STM32G4xx_HAL_Driver/Src/stm32g4xx_ll_tim.o
 .text.LL_TIM_OC_SetCompareCH3
                0x080030e0       0x1c ./Drivers/STM32G4xx_HAL_Driver/Src/stm32g4xx_ll_tim.o
 .text.LL_TIM_OC_SetCompareCH4
                0x080030fc       0x1c ./Drivers/STM32G4xx_HAL_Driver/Src/stm32g4xx_ll_tim.o
 .text.LL_TIM_OC_SetCompareCH5
                0x08003118       0x20 ./Drivers/STM32G4xx_HAL_Driver/Src/stm32g4xx_ll_tim.o
 .text.LL_TIM_OC_SetCompareCH6
                0x08003138       0x1c ./Drivers/STM32G4xx_HAL_Driver/Src/stm32g4xx_ll_tim.o
 .text.LL_TIM_GenerateEvent_UPDATE
                0x08003154       0x20 ./Drivers/STM32G4xx_HAL_Driver/Src/stm32g4xx_ll_tim.o
 .text.LL_TIM_Init
                0x08003174      0x114 ./Drivers/STM32G4xx_HAL_Driver/Src/stm32g4xx_ll_tim.o
                0x08003174                LL_TIM_Init
 .text.LL_TIM_OC_Init
                0x08003288       0xbe ./Drivers/STM32G4xx_HAL_Driver/Src/stm32g4xx_ll_tim.o
                0x08003288                LL_TIM_OC_Init
 *fill*         0x08003346        0x2 
 .text.LL_TIM_BDTR_Init
                0x08003348       0xf0 ./Drivers/STM32G4xx_HAL_Driver/Src/stm32g4xx_ll_tim.o
                0x08003348                LL_TIM_BDTR_Init
 .text.OC1Config
                0x08003438      0x100 ./Drivers/STM32G4xx_HAL_Driver/Src/stm32g4xx_ll_tim.o
 .text.OC2Config
                0x08003538      0x108 ./Drivers/STM32G4xx_HAL_Driver/Src/stm32g4xx_ll_tim.o
 .text.OC3Config
                0x08003640      0x108 ./Drivers/STM32G4xx_HAL_Driver/Src/stm32g4xx_ll_tim.o
 .text.OC4Config
                0x08003748      0x108 ./Drivers/STM32G4xx_HAL_Driver/Src/stm32g4xx_ll_tim.o
 .text.OC5Config
                0x08003850       0xc8 ./Drivers/STM32G4xx_HAL_Driver/Src/stm32g4xx_ll_tim.o
 .text.OC6Config
                0x08003918       0xc8 ./Drivers/STM32G4xx_HAL_Driver/Src/stm32g4xx_ll_tim.o
 .text.LL_USART_IsEnabled
                0x080039e0       0x26 ./Drivers/STM32G4xx_HAL_Driver/Src/stm32g4xx_ll_usart.o
 .text.LL_USART_SetPrescaler
                0x08003a06       0x28 ./Drivers/STM32G4xx_HAL_Driver/Src/stm32g4xx_ll_usart.o
 .text.LL_USART_SetStopBitsLength
                0x08003a2e       0x26 ./Drivers/STM32G4xx_HAL_Driver/Src/stm32g4xx_ll_usart.o
 .text.LL_USART_SetHWFlowCtrl
                0x08003a54       0x26 ./Drivers/STM32G4xx_HAL_Driver/Src/stm32g4xx_ll_usart.o
 *fill*         0x08003a7a        0x2 
 .text.LL_USART_SetBaudRate
                0x08003a7c       0xa0 ./Drivers/STM32G4xx_HAL_Driver/Src/stm32g4xx_ll_usart.o
 .text.LL_USART_Init
                0x08003b1c       0xf4 ./Drivers/STM32G4xx_HAL_Driver/Src/stm32g4xx_ll_usart.o
                0x08003b1c                LL_USART_Init
 .text.LL_SetSystemCoreClock
                0x08003c10       0x20 ./Drivers/STM32G4xx_HAL_Driver/Src/stm32g4xx_ll_utils.o
                0x08003c10                LL_SetSystemCoreClock
 .text.memset   0x08003c30       0x10 C:/ST/STM32CubeIDE_1.17.0/STM32CubeIDE/plugins/com.st.stm32cube.ide.mcu.externaltools.gnu-tools-for-stm32.13.3.rel1.win32_1.0.0.202411081344/tools/bin/../lib/gcc/arm-none-eabi/13.3.1/../../../../arm-none-eabi/lib/thumb/v7e-m+fp/hard\libc_nano.a(libc_a-memset.o)
                0x08003c30                memset
 .text.__libc_init_array
                0x08003c40       0x48 C:/ST/STM32CubeIDE_1.17.0/STM32CubeIDE/plugins/com.st.stm32cube.ide.mcu.externaltools.gnu-tools-for-stm32.13.3.rel1.win32_1.0.0.202411081344/tools/bin/../lib/gcc/arm-none-eabi/13.3.1/../../../../arm-none-eabi/lib/thumb/v7e-m+fp/hard\libc_nano.a(libc_a-init.o)
                0x08003c40                __libc_init_array
 .text.sinf     0x08003c88       0x8c C:/ST/STM32CubeIDE_1.17.0/STM32CubeIDE/plugins/com.st.stm32cube.ide.mcu.externaltools.gnu-tools-for-stm32.13.3.rel1.win32_1.0.0.202411081344/tools/bin/../lib/gcc/arm-none-eabi/13.3.1/../../../../arm-none-eabi/lib/thumb/v7e-m+fp/hard\libm.a(libm_a-sf_sin.o)
                0x08003c88                sinf
 .text.__kernel_cosf
                0x08003d14       0xb0 C:/ST/STM32CubeIDE_1.17.0/STM32CubeIDE/plugins/com.st.stm32cube.ide.mcu.externaltools.gnu-tools-for-stm32.13.3.rel1.win32_1.0.0.202411081344/tools/bin/../lib/gcc/arm-none-eabi/13.3.1/../../../../arm-none-eabi/lib/thumb/v7e-m+fp/hard\libm.a(libm_a-kf_cos.o)
                0x08003d14                __kernel_cosf
 .text.__kernel_sinf
                0x08003dc4       0x90 C:/ST/STM32CubeIDE_1.17.0/STM32CubeIDE/plugins/com.st.stm32cube.ide.mcu.externaltools.gnu-tools-for-stm32.13.3.rel1.win32_1.0.0.202411081344/tools/bin/../lib/gcc/arm-none-eabi/13.3.1/../../../../arm-none-eabi/lib/thumb/v7e-m+fp/hard\libm.a(libm_a-kf_sin.o)
                0x08003dc4                __kernel_sinf
 .text.__ieee754_rem_pio2f
                0x08003e54      0x260 C:/ST/STM32CubeIDE_1.17.0/STM32CubeIDE/plugins/com.st.stm32cube.ide.mcu.externaltools.gnu-tools-for-stm32.13.3.rel1.win32_1.0.0.202411081344/tools/bin/../lib/gcc/arm-none-eabi/13.3.1/../../../../arm-none-eabi/lib/thumb/v7e-m+fp/hard\libm.a(libm_a-ef_rem_pio2.o)
                0x08003e54                __ieee754_rem_pio2f
 .text.fabsf    0x080040b4        0xe C:/ST/STM32CubeIDE_1.17.0/STM32CubeIDE/plugins/com.st.stm32cube.ide.mcu.externaltools.gnu-tools-for-stm32.13.3.rel1.win32_1.0.0.202411081344/tools/bin/../lib/gcc/arm-none-eabi/13.3.1/../../../../arm-none-eabi/lib/thumb/v7e-m+fp/hard\libm.a(libm_a-sf_fabs.o)
                0x080040b4                fabsf
 *fill*         0x080040c2        0x2 
 .text.__kernel_rem_pio2f
                0x080040c4      0x4d0 C:/ST/STM32CubeIDE_1.17.0/STM32CubeIDE/plugins/com.st.stm32cube.ide.mcu.externaltools.gnu-tools-for-stm32.13.3.rel1.win32_1.0.0.202411081344/tools/bin/../lib/gcc/arm-none-eabi/13.3.1/../../../../arm-none-eabi/lib/thumb/v7e-m+fp/hard\libm.a(libm_a-kf_rem_pio2.o)
                0x080040c4                __kernel_rem_pio2f
 .text.scalbnf  0x08004594       0xcc C:/ST/STM32CubeIDE_1.17.0/STM32CubeIDE/plugins/com.st.stm32cube.ide.mcu.externaltools.gnu-tools-for-stm32.13.3.rel1.win32_1.0.0.202411081344/tools/bin/../lib/gcc/arm-none-eabi/13.3.1/../../../../arm-none-eabi/lib/thumb/v7e-m+fp/hard\libm.a(libm_a-sf_scalbn.o)
                0x08004594                scalbnf
 .text.floorf   0x08004660       0x88 C:/ST/STM32CubeIDE_1.17.0/STM32CubeIDE/plugins/com.st.stm32cube.ide.mcu.externaltools.gnu-tools-for-stm32.13.3.rel1.win32_1.0.0.202411081344/tools/bin/../lib/gcc/arm-none-eabi/13.3.1/../../../../arm-none-eabi/lib/thumb/v7e-m+fp/hard\libm.a(libm_a-sf_floor.o)
                0x08004660                floorf
 *(.glue_7)
 .glue_7        0x080046e8        0x0 linker stubs
 *(.glue_7t)
 .glue_7t       0x080046e8        0x0 linker stubs
 *(.eh_frame)
 .eh_frame      0x080046e8        0x0 C:/ST/STM32CubeIDE_1.17.0/STM32CubeIDE/plugins/com.st.stm32cube.ide.mcu.externaltools.gnu-tools-for-stm32.13.3.rel1.win32_1.0.0.202411081344/tools/bin/../lib/gcc/arm-none-eabi/13.3.1/thumb/v7e-m+fp/hard/crtbegin.o
 *(.init)
 .init          0x080046e8        0x4 C:/ST/STM32CubeIDE_1.17.0/STM32CubeIDE/plugins/com.st.stm32cube.ide.mcu.externaltools.gnu-tools-for-stm32.13.3.rel1.win32_1.0.0.202411081344/tools/bin/../lib/gcc/arm-none-eabi/13.3.1/thumb/v7e-m+fp/hard/crti.o
                0x080046e8                _init
 .init          0x080046ec        0x8 C:/ST/STM32CubeIDE_1.17.0/STM32CubeIDE/plugins/com.st.stm32cube.ide.mcu.externaltools.gnu-tools-for-stm32.13.3.rel1.win32_1.0.0.202411081344/tools/bin/../lib/gcc/arm-none-eabi/13.3.1/thumb/v7e-m+fp/hard/crtn.o
 *(.fini)
 .fini          0x080046f4        0x4 C:/ST/STM32CubeIDE_1.17.0/STM32CubeIDE/plugins/com.st.stm32cube.ide.mcu.externaltools.gnu-tools-for-stm32.13.3.rel1.win32_1.0.0.202411081344/tools/bin/../lib/gcc/arm-none-eabi/13.3.1/thumb/v7e-m+fp/hard/crti.o
                0x080046f4                _fini
 .fini          0x080046f8        0x8 C:/ST/STM32CubeIDE_1.17.0/STM32CubeIDE/plugins/com.st.stm32cube.ide.mcu.externaltools.gnu-tools-for-stm32.13.3.rel1.win32_1.0.0.202411081344/tools/bin/../lib/gcc/arm-none-eabi/13.3.1/thumb/v7e-m+fp/hard/crtn.o
                0x08004700                        . = ALIGN (0x4)
                0x08004700                        _etext = .

.vfp11_veneer   0x08004700        0x0
 .vfp11_veneer  0x08004700        0x0 linker stubs

.v4_bx          0x08004700        0x0
 .v4_bx         0x08004700        0x0 linker stubs

.iplt           0x08004700        0x0
 .iplt          0x08004700        0x0 C:/ST/STM32CubeIDE_1.17.0/STM32CubeIDE/plugins/com.st.stm32cube.ide.mcu.externaltools.gnu-tools-for-stm32.13.3.rel1.win32_1.0.0.202411081344/tools/bin/../lib/gcc/arm-none-eabi/13.3.1/thumb/v7e-m+fp/hard/crtbegin.o

.rodata         0x08004700      0x430
                0x08004700                        . = ALIGN (0x4)
 *(.rodata)
 *(.rodata*)
 .rodata.OFFSET_TAB_CCMRx
                0x08004700        0xa ./Core/Src/main.o
 *fill*         0x0800470a        0x2 
 .rodata.SHIFT_TAB_OCxx
                0x0800470c        0xa ./Core/Src/main.o
 *fill*         0x08004716        0x2 
 .rodata.AHBPrescTable
                0x08004718       0x10 ./Core/Src/system_stm32g4xx.o
                0x08004718                AHBPrescTable
 .rodata.APBPrescTable
                0x08004728        0x8 ./Core/Src/system_stm32g4xx.o
                0x08004728                APBPrescTable
 .rodata.USART_PRESCALER_TAB
                0x08004730       0x30 ./Drivers/STM32G4xx_HAL_Driver/Src/stm32g4xx_ll_usart.o
 .rodata.npio2_hw
                0x08004760       0x80 C:/ST/STM32CubeIDE_1.17.0/STM32CubeIDE/plugins/com.st.stm32cube.ide.mcu.externaltools.gnu-tools-for-stm32.13.3.rel1.win32_1.0.0.202411081344/tools/bin/../lib/gcc/arm-none-eabi/13.3.1/../../../../arm-none-eabi/lib/thumb/v7e-m+fp/hard\libm.a(libm_a-ef_rem_pio2.o)
 .rodata.two_over_pi
                0x080047e0      0x318 C:/ST/STM32CubeIDE_1.17.0/STM32CubeIDE/plugins/com.st.stm32cube.ide.mcu.externaltools.gnu-tools-for-stm32.13.3.rel1.win32_1.0.0.202411081344/tools/bin/../lib/gcc/arm-none-eabi/13.3.1/../../../../arm-none-eabi/lib/thumb/v7e-m+fp/hard\libm.a(libm_a-ef_rem_pio2.o)
 .rodata.PIo2   0x08004af8       0x2c C:/ST/STM32CubeIDE_1.17.0/STM32CubeIDE/plugins/com.st.stm32cube.ide.mcu.externaltools.gnu-tools-for-stm32.13.3.rel1.win32_1.0.0.202411081344/tools/bin/../lib/gcc/arm-none-eabi/13.3.1/../../../../arm-none-eabi/lib/thumb/v7e-m+fp/hard\libm.a(libm_a-kf_rem_pio2.o)
 .rodata.init_jk
                0x08004b24        0xc C:/ST/STM32CubeIDE_1.17.0/STM32CubeIDE/plugins/com.st.stm32cube.ide.mcu.externaltools.gnu-tools-for-stm32.13.3.rel1.win32_1.0.0.202411081344/tools/bin/../lib/gcc/arm-none-eabi/13.3.1/../../../../arm-none-eabi/lib/thumb/v7e-m+fp/hard\libm.a(libm_a-kf_rem_pio2.o)
                0x08004b30                        . = ALIGN (0x4)

.ARM.extab      0x08004b30        0x0
                0x08004b30                        . = ALIGN (0x4)
 *(.ARM.extab* .gnu.linkonce.armextab.*)
                0x08004b30                        . = ALIGN (0x4)

.ARM            0x08004b30        0x0
                0x08004b30                        . = ALIGN (0x4)
                0x08004b30                        __exidx_start = .
 *(.ARM.exidx*)
                0x08004b30                        __exidx_end = .
                0x08004b30                        . = ALIGN (0x4)

.preinit_array  0x08004b30        0x0
                0x08004b30                        . = ALIGN (0x4)
                0x08004b30                        PROVIDE (__preinit_array_start = .)
 *(.preinit_array*)
                0x08004b30                        PROVIDE (__preinit_array_end = .)
                0x08004b30                        . = ALIGN (0x4)

.init_array     0x08004b30        0x4
                0x08004b30                        . = ALIGN (0x4)
                0x08004b30                        PROVIDE (__init_array_start = .)
 *(SORT_BY_NAME(.init_array.*))
 *(.init_array*)
 .init_array    0x08004b30        0x4 C:/ST/STM32CubeIDE_1.17.0/STM32CubeIDE/plugins/com.st.stm32cube.ide.mcu.externaltools.gnu-tools-for-stm32.13.3.rel1.win32_1.0.0.202411081344/tools/bin/../lib/gcc/arm-none-eabi/13.3.1/thumb/v7e-m+fp/hard/crtbegin.o
                0x08004b34                        PROVIDE (__init_array_end = .)
                0x08004b34                        . = ALIGN (0x4)

.fini_array     0x08004b34        0x4
                0x08004b34                        . = ALIGN (0x4)
                [!provide]                        PROVIDE (__fini_array_start = .)
 *(SORT_BY_NAME(.fini_array.*))
 *(.fini_array*)
 .fini_array    0x08004b34        0x4 C:/ST/STM32CubeIDE_1.17.0/STM32CubeIDE/plugins/com.st.stm32cube.ide.mcu.externaltools.gnu-tools-for-stm32.13.3.rel1.win32_1.0.0.202411081344/tools/bin/../lib/gcc/arm-none-eabi/13.3.1/thumb/v7e-m+fp/hard/crtbegin.o
                [!provide]                        PROVIDE (__fini_array_end = .)
                0x08004b38                        . = ALIGN (0x4)
                0x08004b38                        _sidata = LOADADDR (.data)

.rel.dyn        0x08004b38        0x0
 .rel.iplt      0x08004b38        0x0 C:/ST/STM32CubeIDE_1.17.0/STM32CubeIDE/plugins/com.st.stm32cube.ide.mcu.externaltools.gnu-tools-for-stm32.13.3.rel1.win32_1.0.0.202411081344/tools/bin/../lib/gcc/arm-none-eabi/13.3.1/thumb/v7e-m+fp/hard/crtbegin.o

.data           0x20000000        0xc load address 0x08004b38
                0x20000000                        . = ALIGN (0x4)
                0x20000000                        _sdata = .
 *(.data)
 *(.data*)
 .data.SystemCoreClock
                0x20000000        0x4 ./Core/Src/system_stm32g4xx.o
                0x20000000                SystemCoreClock
 .data.uwTickPrio
                0x20000004        0x4 ./Drivers/STM32G4xx_HAL_Driver/Src/stm32g4xx_hal.o
                0x20000004                uwTickPrio
 .data.uwTickFreq
                0x20000008        0x4 ./Drivers/STM32G4xx_HAL_Driver/Src/stm32g4xx_hal.o
                0x20000008                uwTickFreq
 *(.RamFunc)
 *(.RamFunc*)
                0x2000000c                        . = ALIGN (0x4)
                0x2000000c                        _edata = .

.igot.plt       0x2000000c        0x0 load address 0x08004b44
 .igot.plt      0x2000000c        0x0 C:/ST/STM32CubeIDE_1.17.0/STM32CubeIDE/plugins/com.st.stm32cube.ide.mcu.externaltools.gnu-tools-for-stm32.13.3.rel1.win32_1.0.0.202411081344/tools/bin/../lib/gcc/arm-none-eabi/13.3.1/thumb/v7e-m+fp/hard/crtbegin.o
                0x2000000c                        . = ALIGN (0x4)

.bss            0x2000000c     0x19fc load address 0x08004b44
                0x2000000c                        _sbss = .
                0x2000000c                        __bss_start__ = _sbss
 *(.bss)
 .bss           0x2000000c       0x1c C:/ST/STM32CubeIDE_1.17.0/STM32CubeIDE/plugins/com.st.stm32cube.ide.mcu.externaltools.gnu-tools-for-stm32.13.3.rel1.win32_1.0.0.202411081344/tools/bin/../lib/gcc/arm-none-eabi/13.3.1/thumb/v7e-m+fp/hard/crtbegin.o
 *(.bss*)
 .bss.isr_count
                0x20000028        0x4 ./Core/Src/main.o
                0x20000028                isr_count
 .bss.target_rpm
                0x2000002c        0x4 ./Core/Src/openloop_isr.o
                0x2000002c                target_rpm
 .bss.amplitude
                0x20000030        0x4 ./Core/Src/openloop_isr.o
                0x20000030                amplitude
 .bss.elec_freq_hz
                0x20000034        0x4 ./Core/Src/openloop_isr.o
                0x20000034                elec_freq_hz
 .bss.delta_theta
                0x20000038        0x4 ./Core/Src/openloop_isr.o
                0x20000038                delta_theta
 .bss.theta     0x2000003c        0x4 ./Core/Src/openloop_isr.o
                0x2000003c                theta
 .bss.pwm_a     0x20000040        0x2 ./Core/Src/openloop_isr.o
                0x20000040                pwm_a
 .bss.pwm_b     0x20000042        0x2 ./Core/Src/openloop_isr.o
                0x20000042                pwm_b
 .bss.pwm_c     0x20000044        0x2 ./Core/Src/openloop_isr.o
                0x20000044                pwm_c
 .bss.ia_adc    0x20000046        0x2 ./Core/Src/openloop_isr.o
                0x20000046                ia_adc
 .bss.ib_adc    0x20000048        0x2 ./Core/Src/openloop_isr.o
                0x20000048                ib_adc
 *fill*         0x2000004a        0x2 
 .bss.uart_tx_buf
                0x2000004c      0x964 ./Core/Src/openloop_isr.o
                0x2000004c                uart_tx_buf
 .bss.sample_idx
                0x200009b0        0x2 ./Core/Src/openloop_isr.o
                0x200009b0                sample_idx
 .bss.packet_ready
                0x200009b2        0x1 ./Core/Src/openloop_isr.o
                0x200009b2                packet_ready
 *fill*         0x200009b3        0x1 
 .bss.uart_tx_idx
                0x200009b4        0x2 ./Core/Src/openloop_isr.o
                0x200009b4                uart_tx_idx
 .bss.uart_tx_busy
                0x200009b6        0x1 ./Core/Src/openloop_isr.o
                0x200009b6                uart_tx_busy
 *fill*         0x200009b7        0x1 
 .bss.sin_lut   0x200009b8     0x1000 ./Core/Src/openloop_isr.o
 .bss.htim2     0x200019b8       0x4c ./Core/Src/stm32g4xx_hal_timebase_tim.o
                0x200019b8                htim2
 .bss.uwTick    0x20001a04        0x4 ./Drivers/STM32G4xx_HAL_Driver/Src/stm32g4xx_hal.o
                0x20001a04                uwTick
 *(COMMON)
                0x20001a08                        . = ALIGN (0x4)
                0x20001a08                        _ebss = .
                0x20001a08                        __bss_end__ = _ebss

._user_heap_stack
                0x20001a08      0x600 load address 0x08004b44
                0x20001a08                        . = ALIGN (0x8)
                [!provide]                        PROVIDE (end = .)
                0x20001a08                        PROVIDE (_end = .)
                0x20001c08                        . = (. + _Min_Heap_Size)
 *fill*         0x20001a08      0x200 
                0x20002008                        . = (. + _Min_Stack_Size)
 *fill*         0x20001c08      0x400 
                0x20002008                        . = ALIGN (0x8)

/DISCARD/
 libc.a(*)
 libm.a(*)
 libgcc.a(*)

.ARM.attributes
                0x00000000       0x30
 *(.ARM.attributes)
 .ARM.attributes
                0x00000000       0x22 C:/ST/STM32CubeIDE_1.17.0/STM32CubeIDE/plugins/com.st.stm32cube.ide.mcu.externaltools.gnu-tools-for-stm32.13.3.rel1.win32_1.0.0.202411081344/tools/bin/../lib/gcc/arm-none-eabi/13.3.1/thumb/v7e-m+fp/hard/crti.o
 .ARM.attributes
                0x00000022       0x34 C:/ST/STM32CubeIDE_1.17.0/STM32CubeIDE/plugins/com.st.stm32cube.ide.mcu.externaltools.gnu-tools-for-stm32.13.3.rel1.win32_1.0.0.202411081344/tools/bin/../lib/gcc/arm-none-eabi/13.3.1/thumb/v7e-m+fp/hard/crtbegin.o
 .ARM.attributes
                0x00000056       0x34 ./Core/Src/main.o
 .ARM.attributes
                0x0000008a       0x34 ./Core/Src/openloop_isr.o
 .ARM.attributes
                0x000000be       0x34 ./Core/Src/stm32g4xx_hal_msp.o
 .ARM.attributes
                0x000000f2       0x34 ./Core/Src/stm32g4xx_hal_timebase_tim.o
 .ARM.attributes
                0x00000126       0x34 ./Core/Src/stm32g4xx_it.o
 .ARM.attributes
                0x0000015a       0x34 ./Core/Src/system_stm32g4xx.o
 .ARM.attributes
                0x0000018e       0x21 ./Core/Startup/startup_stm32g431cbux.o
 .ARM.attributes
                0x000001af       0x34 ./Drivers/STM32G4xx_HAL_Driver/Src/stm32g4xx_hal.o
 .ARM.attributes
                0x000001e3       0x34 ./Drivers/STM32G4xx_HAL_Driver/Src/stm32g4xx_hal_cortex.o
 .ARM.attributes
                0x00000217       0x34 ./Drivers/STM32G4xx_HAL_Driver/Src/stm32g4xx_hal_pwr_ex.o
 .ARM.attributes
                0x0000024b       0x34 ./Drivers/STM32G4xx_HAL_Driver/Src/stm32g4xx_hal_rcc.o
 .ARM.attributes
                0x0000027f       0x34 ./Drivers/STM32G4xx_HAL_Driver/Src/stm32g4xx_hal_tim.o
 .ARM.attributes
                0x000002b3       0x34 ./Drivers/STM32G4xx_HAL_Driver/Src/stm32g4xx_hal_tim_ex.o
 .ARM.attributes
                0x000002e7       0x34 ./Drivers/STM32G4xx_HAL_Driver/Src/stm32g4xx_ll_adc.o
 .ARM.attributes
                0x0000031b       0x34 ./Drivers/STM32G4xx_HAL_Driver/Src/stm32g4xx_ll_gpio.o
 .ARM.attributes
                0x0000034f       0x34 ./Drivers/STM32G4xx_HAL_Driver/Src/stm32g4xx_ll_rcc.o
 .ARM.attributes
                0x00000383       0x34 ./Drivers/STM32G4xx_HAL_Driver/Src/stm32g4xx_ll_tim.o
 .ARM.attributes
                0x000003b7       0x34 ./Drivers/STM32G4xx_HAL_Driver/Src/stm32g4xx_ll_usart.o
 .ARM.attributes
                0x000003eb       0x34 ./Drivers/STM32G4xx_HAL_Driver/Src/stm32g4xx_ll_utils.o
 .ARM.attributes
                0x0000041f       0x34 C:/ST/STM32CubeIDE_1.17.0/STM32CubeIDE/plugins/com.st.stm32cube.ide.mcu.externaltools.gnu-tools-for-stm32.13.3.rel1.win32_1.0.0.202411081344/tools/bin/../lib/gcc/arm-none-eabi/13.3.1/../../../../arm-none-eabi/lib/thumb/v7e-m+fp/hard\libc_nano.a(libc_a-memset.o)
 .ARM.attributes
                0x00000453       0x34 C:/ST/STM32CubeIDE_1.17.0/STM32CubeIDE/plugins/com.st.stm32cube.ide.mcu.externaltools.gnu-tools-for-stm32.13.3.rel1.win32_1.0.0.202411081344/tools/bin/../lib/gcc/arm-none-eabi/13.3.1/../../../../arm-none-eabi/lib/thumb/v7e-m+fp/hard\libc_nano.a(libc_a-init.o)
 .ARM.attributes
                0x00000487       0x34 C:/ST/STM32CubeIDE_1.17.0/STM32CubeIDE/plugins/com.st.stm32cube.ide.mcu.externaltools.gnu-tools-for-stm32.13.3.rel1.win32_1.0.0.202411081344/tools/bin/../lib/gcc/arm-none-eabi/13.3.1/../../../../arm-none-eabi/lib/thumb/v7e-m+fp/hard\libm.a(libm_a-sf_sin.o)
 .ARM.attributes
                0x000004bb       0x34 C:/ST/STM32CubeIDE_1.17.0/STM32CubeIDE/plugins/com.st.stm32cube.ide.mcu.externaltools.gnu-tools-for-stm32.13.3.rel1.win32_1.0.0.202411081344/tools/bin/../lib/gcc/arm-none-eabi/13.3.1/../../../../arm-none-eabi/lib/thumb/v7e-m+fp/hard\libm.a(libm_a-kf_cos.o)
 .ARM.attributes
                0x000004ef       0x34 C:/ST/STM32CubeIDE_1.17.0/STM32CubeIDE/plugins/com.st.stm32cube.ide.mcu.externaltools.gnu-tools-for-stm32.13.3.rel1.win32_1.0.0.202411081344/tools/bin/../lib/gcc/arm-none-eabi/13.3.1/../../../../arm-none-eabi/lib/thumb/v7e-m+fp/hard\libm.a(libm_a-kf_sin.o)
 .ARM.attributes
                0x00000523       0x34 C:/ST/STM32CubeIDE_1.17.0/STM32CubeIDE/plugins/com.st.stm32cube.ide.mcu.externaltools.gnu-tools-for-stm32.13.3.rel1.win32_1.0.0.202411081344/tools/bin/../lib/gcc/arm-none-eabi/13.3.1/../../../../arm-none-eabi/lib/thumb/v7e-m+fp/hard\libm.a(libm_a-ef_rem_pio2.o)
 .ARM.attributes
                0x00000557       0x34 C:/ST/STM32CubeIDE_1.17.0/STM32CubeIDE/plugins/com.st.stm32cube.ide.mcu.externaltools.gnu-tools-for-stm32.13.3.rel1.win32_1.0.0.202411081344/tools/bin/../lib/gcc/arm-none-eabi/13.3.1/../../../../arm-none-eabi/lib/thumb/v7e-m+fp/hard\libm.a(libm_a-sf_fabs.o)
 .ARM.attributes
                0x0000058b       0x34 C:/ST/STM32CubeIDE_1.17.0/STM32CubeIDE/plugins/com.st.stm32cube.ide.mcu.externaltools.gnu-tools-for-stm32.13.3.rel1.win32_1.0.0.202411081344/tools/bin/../lib/gcc/arm-none-eabi/13.3.1/../../../../arm-none-eabi/lib/thumb/v7e-m+fp/hard\libm.a(libm_a-kf_rem_pio2.o)
 .ARM.attributes
                0x000005bf       0x34 C:/ST/STM32CubeIDE_1.17.0/STM32CubeIDE/plugins/com.st.stm32cube.ide.mcu.externaltools.gnu-tools-for-stm32.13.3.rel1.win32_1.0.0.202411081344/tools/bin/../lib/gcc/arm-none-eabi/13.3.1/../../../../arm-none-eabi/lib/thumb/v7e-m+fp/hard\libm.a(libm_a-sf_scalbn.o)
 .ARM.attributes
                0x000005f3       0x34 C:/ST/STM32CubeIDE_1.17.0/STM32CubeIDE/plugins/com.st.stm32cube.ide.mcu.externaltools.gnu-tools-for-stm32.13.3.rel1.win32_1.0.0.202411081344/tools/bin/../lib/gcc/arm-none-eabi/13.3.1/../../../../arm-none-eabi/lib/thumb/v7e-m+fp/hard\libm.a(libm_a-sf_floor.o)
 .ARM.attributes
                0x00000627       0x22 C:/ST/STM32CubeIDE_1.17.0/STM32CubeIDE/plugins/com.st.stm32cube.ide.mcu.externaltools.gnu-tools-for-stm32.13.3.rel1.win32_1.0.0.202411081344/tools/bin/../lib/gcc/arm-none-eabi/13.3.1/thumb/v7e-m+fp/hard/crtn.o
OUTPUT(LowSideCurrentSense_OpenLoopV3.elf elf32-littlearm)
LOAD linker stubs
LOAD C:/ST/STM32CubeIDE_1.17.0/STM32CubeIDE/plugins/com.st.stm32cube.ide.mcu.externaltools.gnu-tools-for-stm32.13.3.rel1.win32_1.0.0.202411081344/tools/bin/../lib/gcc/arm-none-eabi/13.3.1/../../../../arm-none-eabi/lib/thumb/v7e-m+fp/hard\libc.a
LOAD C:/ST/STM32CubeIDE_1.17.0/STM32CubeIDE/plugins/com.st.stm32cube.ide.mcu.externaltools.gnu-tools-for-stm32.13.3.rel1.win32_1.0.0.202411081344/tools/bin/../lib/gcc/arm-none-eabi/13.3.1/../../../../arm-none-eabi/lib/thumb/v7e-m+fp/hard\libm.a
LOAD C:/ST/STM32CubeIDE_1.17.0/STM32CubeIDE/plugins/com.st.stm32cube.ide.mcu.externaltools.gnu-tools-for-stm32.13.3.rel1.win32_1.0.0.202411081344/tools/bin/../lib/gcc/arm-none-eabi/13.3.1/thumb/v7e-m+fp/hard\libgcc.a

.debug_info     0x00000000    0x1122c
 .debug_info    0x00000000     0x29b0 ./Core/Src/main.o
 .debug_info    0x000029b0      0x5f2 ./Core/Src/openloop_isr.o
 .debug_info    0x00002fa2      0x3bd ./Core/Src/stm32g4xx_hal_msp.o
 .debug_info    0x0000335f      0xdbe ./Core/Src/stm32g4xx_hal_timebase_tim.o
 .debug_info    0x0000411d      0xfbe ./Core/Src/stm32g4xx_it.o
 .debug_info    0x000050db      0x58e ./Core/Src/system_stm32g4xx.o
 .debug_info    0x00005669       0x30 ./Core/Startup/startup_stm32g431cbux.o
 .debug_info    0x00005699      0xadb ./Drivers/STM32G4xx_HAL_Driver/Src/stm32g4xx_hal.o
 .debug_info    0x00006174      0xd3f ./Drivers/STM32G4xx_HAL_Driver/Src/stm32g4xx_hal_cortex.o
 .debug_info    0x00006eb3      0x93f ./Drivers/STM32G4xx_HAL_Driver/Src/stm32g4xx_hal_pwr_ex.o
 .debug_info    0x000077f2      0xb82 ./Drivers/STM32G4xx_HAL_Driver/Src/stm32g4xx_hal_rcc.o
 .debug_info    0x00008374     0x2c52 ./Drivers/STM32G4xx_HAL_Driver/Src/stm32g4xx_hal_tim.o
 .debug_info    0x0000afc6     0x1d95 ./Drivers/STM32G4xx_HAL_Driver/Src/stm32g4xx_hal_tim_ex.o
 .debug_info    0x0000cd5b      0xb14 ./Drivers/STM32G4xx_HAL_Driver/Src/stm32g4xx_ll_adc.o
 .debug_info    0x0000d86f      0x95b ./Drivers/STM32G4xx_HAL_Driver/Src/stm32g4xx_ll_gpio.o
 .debug_info    0x0000e1ca      0xb0b ./Drivers/STM32G4xx_HAL_Driver/Src/stm32g4xx_ll_rcc.o
 .debug_info    0x0000ecd5     0x11d8 ./Drivers/STM32G4xx_HAL_Driver/Src/stm32g4xx_ll_tim.o
 .debug_info    0x0000fead      0x7c3 ./Drivers/STM32G4xx_HAL_Driver/Src/stm32g4xx_ll_usart.o
 .debug_info    0x00010670      0xbbc ./Drivers/STM32G4xx_HAL_Driver/Src/stm32g4xx_ll_utils.o

.debug_abbrev   0x00000000     0x2a1b
 .debug_abbrev  0x00000000      0x42e ./Core/Src/main.o
 .debug_abbrev  0x0000042e      0x23d ./Core/Src/openloop_isr.o
 .debug_abbrev  0x0000066b       0xf0 ./Core/Src/stm32g4xx_hal_msp.o
 .debug_abbrev  0x0000075b      0x223 ./Core/Src/stm32g4xx_hal_timebase_tim.o
 .debug_abbrev  0x0000097e      0x2e5 ./Core/Src/stm32g4xx_it.o
 .debug_abbrev  0x00000c63      0x11a ./Core/Src/system_stm32g4xx.o
 .debug_abbrev  0x00000d7d       0x24 ./Core/Startup/startup_stm32g431cbux.o
 .debug_abbrev  0x00000da1      0x271 ./Drivers/STM32G4xx_HAL_Driver/Src/stm32g4xx_hal.o
 .debug_abbrev  0x00001012      0x31c ./Drivers/STM32G4xx_HAL_Driver/Src/stm32g4xx_hal_cortex.o
 .debug_abbrev  0x0000132e      0x22c ./Drivers/STM32G4xx_HAL_Driver/Src/stm32g4xx_hal_pwr_ex.o
 .debug_abbrev  0x0000155a      0x2c9 ./Drivers/STM32G4xx_HAL_Driver/Src/stm32g4xx_hal_rcc.o
 .debug_abbrev  0x00001823      0x2a7 ./Drivers/STM32G4xx_HAL_Driver/Src/stm32g4xx_hal_tim.o
 .debug_abbrev  0x00001aca      0x2c5 ./Drivers/STM32G4xx_HAL_Driver/Src/stm32g4xx_hal_tim_ex.o
 .debug_abbrev  0x00001d8f      0x1a9 ./Drivers/STM32G4xx_HAL_Driver/Src/stm32g4xx_ll_adc.o
 .debug_abbrev  0x00001f38      0x235 ./Drivers/STM32G4xx_HAL_Driver/Src/stm32g4xx_ll_gpio.o
 .debug_abbrev  0x0000216d      0x234 ./Drivers/STM32G4xx_HAL_Driver/Src/stm32g4xx_ll_rcc.o
 .debug_abbrev  0x000023a1      0x23e ./Drivers/STM32G4xx_HAL_Driver/Src/stm32g4xx_ll_tim.o
 .debug_abbrev  0x000025df      0x1de ./Drivers/STM32G4xx_HAL_Driver/Src/stm32g4xx_ll_usart.o
 .debug_abbrev  0x000027bd      0x25e ./Drivers/STM32G4xx_HAL_Driver/Src/stm32g4xx_ll_utils.o

.debug_aranges  0x00000000     0x13f0
 .debug_aranges
                0x00000000      0x220 ./Core/Src/main.o
 .debug_aranges
                0x00000220       0x40 ./Core/Src/openloop_isr.o
 .debug_aranges
                0x00000260       0x20 ./Core/Src/stm32g4xx_hal_msp.o
 .debug_aranges
                0x00000280       0x30 ./Core/Src/stm32g4xx_hal_timebase_tim.o
 .debug_aranges
                0x000002b0       0xc0 ./Core/Src/stm32g4xx_it.o
 .debug_aranges
                0x00000370       0x28 ./Core/Src/system_stm32g4xx.o
 .debug_aranges
                0x00000398       0x28 ./Core/Startup/startup_stm32g431cbux.o
 .debug_aranges
                0x000003c0      0x148 ./Drivers/STM32G4xx_HAL_Driver/Src/stm32g4xx_hal.o
 .debug_aranges
                0x00000508      0x128 ./Drivers/STM32G4xx_HAL_Driver/Src/stm32g4xx_hal_cortex.o
 .debug_aranges
                0x00000630      0x140 ./Drivers/STM32G4xx_HAL_Driver/Src/stm32g4xx_hal_pwr_ex.o
 .debug_aranges
                0x00000770       0x98 ./Drivers/STM32G4xx_HAL_Driver/Src/stm32g4xx_hal_rcc.o
 .debug_aranges
                0x00000808      0x3e0 ./Drivers/STM32G4xx_HAL_Driver/Src/stm32g4xx_hal_tim.o
 .debug_aranges
                0x00000be8      0x240 ./Drivers/STM32G4xx_HAL_Driver/Src/stm32g4xx_hal_tim_ex.o
 .debug_aranges
                0x00000e28       0xd0 ./Drivers/STM32G4xx_HAL_Driver/Src/stm32g4xx_ll_adc.o
 .debug_aranges
                0x00000ef8       0x70 ./Drivers/STM32G4xx_HAL_Driver/Src/stm32g4xx_ll_gpio.o
 .debug_aranges
                0x00000f68      0x1b8 ./Drivers/STM32G4xx_HAL_Driver/Src/stm32g4xx_ll_rcc.o
 .debug_aranges
                0x00001120      0x148 ./Drivers/STM32G4xx_HAL_Driver/Src/stm32g4xx_ll_tim.o
 .debug_aranges
                0x00001268       0x88 ./Drivers/STM32G4xx_HAL_Driver/Src/stm32g4xx_ll_usart.o
 .debug_aranges
                0x000012f0      0x100 ./Drivers/STM32G4xx_HAL_Driver/Src/stm32g4xx_ll_utils.o

.debug_rnglists
                0x00000000      0xf36
 .debug_rnglists
                0x00000000      0x19a ./Core/Src/main.o
 .debug_rnglists
                0x0000019a       0x2d ./Core/Src/openloop_isr.o
 .debug_rnglists
                0x000001c7       0x13 ./Core/Src/stm32g4xx_hal_msp.o
 .debug_rnglists
                0x000001da       0x20 ./Core/Src/stm32g4xx_hal_timebase_tim.o
 .debug_rnglists
                0x000001fa       0x8c ./Core/Src/stm32g4xx_it.o
 .debug_rnglists
                0x00000286       0x1a ./Core/Src/system_stm32g4xx.o
 .debug_rnglists
                0x000002a0       0x19 ./Core/Startup/startup_stm32g431cbux.o
 .debug_rnglists
                0x000002b9       0xf1 ./Drivers/STM32G4xx_HAL_Driver/Src/stm32g4xx_hal.o
 .debug_rnglists
                0x000003aa       0xda ./Drivers/STM32G4xx_HAL_Driver/Src/stm32g4xx_hal_cortex.o
 .debug_rnglists
                0x00000484       0xf1 ./Drivers/STM32G4xx_HAL_Driver/Src/stm32g4xx_hal_pwr_ex.o
 .debug_rnglists
                0x00000575       0x74 ./Drivers/STM32G4xx_HAL_Driver/Src/stm32g4xx_hal_rcc.o
 .debug_rnglists
                0x000005e9      0x328 ./Drivers/STM32G4xx_HAL_Driver/Src/stm32g4xx_hal_tim.o
 .debug_rnglists
                0x00000911      0x1cc ./Drivers/STM32G4xx_HAL_Driver/Src/stm32g4xx_hal_tim_ex.o
 .debug_rnglists
                0x00000add       0x9a ./Drivers/STM32G4xx_HAL_Driver/Src/stm32g4xx_ll_adc.o
 .debug_rnglists
                0x00000b77       0x51 ./Drivers/STM32G4xx_HAL_Driver/Src/stm32g4xx_ll_gpio.o
 .debug_rnglists
                0x00000bc8      0x14d ./Drivers/STM32G4xx_HAL_Driver/Src/stm32g4xx_ll_rcc.o
 .debug_rnglists
                0x00000d15       0xfe ./Drivers/STM32G4xx_HAL_Driver/Src/stm32g4xx_ll_tim.o
 .debug_rnglists
                0x00000e13       0x64 ./Drivers/STM32G4xx_HAL_Driver/Src/stm32g4xx_ll_usart.o
 .debug_rnglists
                0x00000e77       0xbf ./Drivers/STM32G4xx_HAL_Driver/Src/stm32g4xx_ll_utils.o

.debug_macro    0x00000000    0x24ac1
 .debug_macro   0x00000000      0x251 ./Core/Src/main.o
 .debug_macro   0x00000251      0xade ./Core/Src/main.o
 .debug_macro   0x00000d2f      0x155 ./Core/Src/main.o
 .debug_macro   0x00000e84       0x2e ./Core/Src/main.o
 .debug_macro   0x00000eb2       0x28 ./Core/Src/main.o
 .debug_macro   0x00000eda       0x22 ./Core/Src/main.o
 .debug_macro   0x00000efc       0x8e ./Core/Src/main.o
 .debug_macro   0x00000f8a       0x51 ./Core/Src/main.o
 .debug_macro   0x00000fdb      0x103 ./Core/Src/main.o
 .debug_macro   0x000010de       0x6a ./Core/Src/main.o
 .debug_macro   0x00001148      0x1df ./Core/Src/main.o
 .debug_macro   0x00001327       0x1c ./Core/Src/main.o
 .debug_macro   0x00001343       0x22 ./Core/Src/main.o
 .debug_macro   0x00001365       0xfb ./Core/Src/main.o
 .debug_macro   0x00001460     0x1011 ./Core/Src/main.o
 .debug_macro   0x00002471      0x11f ./Core/Src/main.o
 .debug_macro   0x00002590    0x1138f ./Core/Src/main.o
 .debug_macro   0x0001391f       0x6d ./Core/Src/main.o
 .debug_macro   0x0001398c     0x3558 ./Core/Src/main.o
 .debug_macro   0x00016ee4      0x190 ./Core/Src/main.o
 .debug_macro   0x00017074       0x5c ./Core/Src/main.o
 .debug_macro   0x000170d0     0x141d ./Core/Src/main.o
 .debug_macro   0x000184ed      0x535 ./Core/Src/main.o
 .debug_macro   0x00018a22      0x1b6 ./Core/Src/main.o
 .debug_macro   0x00018bd8      0x288 ./Core/Src/main.o
 .debug_macro   0x00018e60      0x41d ./Core/Src/main.o
 .debug_macro   0x0001927d      0x18b ./Core/Src/main.o
 .debug_macro   0x00019408       0x43 ./Core/Src/main.o
 .debug_macro   0x0001944b      0x23d ./Core/Src/main.o
 .debug_macro   0x00019688      0x211 ./Core/Src/main.o
 .debug_macro   0x00019899      0x401 ./Core/Src/main.o
 .debug_macro   0x00019c9a      0x107 ./Core/Src/main.o
 .debug_macro   0x00019da1      0x122 ./Core/Src/main.o
 .debug_macro   0x00019ec3      0x3d1 ./Core/Src/main.o
 .debug_macro   0x0001a294      0xbda ./Core/Src/main.o
 .debug_macro   0x0001ae6e      0x47e ./Core/Src/main.o
 .debug_macro   0x0001b2ec      0x306 ./Core/Src/main.o
 .debug_macro   0x0001b5f2     0x1112 ./Core/Src/main.o
 .debug_macro   0x0001c704      0x5f7 ./Core/Src/main.o
 .debug_macro   0x0001ccfb      0x188 ./Core/Src/main.o
 .debug_macro   0x0001ce83       0xd0 ./Core/Src/main.o
 .debug_macro   0x0001cf53      0x28c ./Core/Src/main.o
 .debug_macro   0x0001d1df      0x155 ./Core/Src/main.o
 .debug_macro   0x0001d334      0x1a6 ./Core/Src/main.o
 .debug_macro   0x0001d4da       0xa0 ./Core/Src/main.o
 .debug_macro   0x0001d57a      0x231 ./Core/Src/main.o
 .debug_macro   0x0001d7ab      0x63e ./Core/Src/main.o
 .debug_macro   0x0001dde9      0x24e ./Core/Src/main.o
 .debug_macro   0x0001e037      0xd14 ./Core/Src/main.o
 .debug_macro   0x0001ed4b      0x40f ./Core/Src/main.o
 .debug_macro   0x0001f15a      0x169 ./Core/Src/main.o
 .debug_macro   0x0001f2c3       0x58 ./Core/Src/main.o
 .debug_macro   0x0001f31b      0x302 ./Core/Src/openloop_isr.o
 .debug_macro   0x0001f61d       0x52 ./Core/Src/openloop_isr.o
 .debug_macro   0x0001f66f       0x61 ./Core/Src/openloop_isr.o
 .debug_macro   0x0001f6d0       0x2a ./Core/Src/openloop_isr.o
 .debug_macro   0x0001f6fa       0x43 ./Core/Src/openloop_isr.o
 .debug_macro   0x0001f73d       0x34 ./Core/Src/openloop_isr.o
 .debug_macro   0x0001f771      0x370 ./Core/Src/openloop_isr.o
 .debug_macro   0x0001fae1       0x16 ./Core/Src/openloop_isr.o
 .debug_macro   0x0001faf7       0x4a ./Core/Src/openloop_isr.o
 .debug_macro   0x0001fb41       0x34 ./Core/Src/openloop_isr.o
 .debug_macro   0x0001fb75       0x10 ./Core/Src/openloop_isr.o
 .debug_macro   0x0001fb85       0x58 ./Core/Src/openloop_isr.o
 .debug_macro   0x0001fbdd       0x8e ./Core/Src/openloop_isr.o
 .debug_macro   0x0001fc6b       0x1c ./Core/Src/openloop_isr.o
 .debug_macro   0x0001fc87      0x185 ./Core/Src/openloop_isr.o
 .debug_macro   0x0001fe0c      0x19b ./Core/Src/openloop_isr.o
 .debug_macro   0x0001ffa7      0x248 ./Core/Src/stm32g4xx_hal_msp.o
 .debug_macro   0x000201ef      0x1ba ./Core/Src/stm32g4xx_hal_timebase_tim.o
 .debug_macro   0x000203a9      0x25b ./Core/Src/stm32g4xx_it.o
 .debug_macro   0x00020604      0x1ba ./Core/Src/system_stm32g4xx.o
 .debug_macro   0x000207be      0x208 ./Drivers/STM32G4xx_HAL_Driver/Src/stm32g4xx_hal.o
 .debug_macro   0x000209c6      0x1ba ./Drivers/STM32G4xx_HAL_Driver/Src/stm32g4xx_hal_cortex.o
 .debug_macro   0x00020b80      0x1e4 ./Drivers/STM32G4xx_HAL_Driver/Src/stm32g4xx_hal_pwr_ex.o
 .debug_macro   0x00020d64      0x1fc ./Drivers/STM32G4xx_HAL_Driver/Src/stm32g4xx_hal_rcc.o
 .debug_macro   0x00020f60      0x1c2 ./Drivers/STM32G4xx_HAL_Driver/Src/stm32g4xx_hal_tim.o
 .debug_macro   0x00021122      0x1c0 ./Drivers/STM32G4xx_HAL_Driver/Src/stm32g4xx_hal_tim_ex.o
 .debug_macro   0x000212e2      0x26b ./Drivers/STM32G4xx_HAL_Driver/Src/stm32g4xx_ll_adc.o
 .debug_macro   0x0002154d     0x110c ./Drivers/STM32G4xx_HAL_Driver/Src/stm32g4xx_ll_adc.o
 .debug_macro   0x00022659      0x1fc ./Drivers/STM32G4xx_HAL_Driver/Src/stm32g4xx_ll_gpio.o
 .debug_macro   0x00022855      0x163 ./Drivers/STM32G4xx_HAL_Driver/Src/stm32g4xx_ll_gpio.o
 .debug_macro   0x000229b8      0x211 ./Drivers/STM32G4xx_HAL_Driver/Src/stm32g4xx_ll_rcc.o
 .debug_macro   0x00022bc9      0x5f1 ./Drivers/STM32G4xx_HAL_Driver/Src/stm32g4xx_ll_rcc.o
 .debug_macro   0x000231ba      0x273 ./Drivers/STM32G4xx_HAL_Driver/Src/stm32g4xx_ll_tim.o
 .debug_macro   0x0002342d      0xd0e ./Drivers/STM32G4xx_HAL_Driver/Src/stm32g4xx_ll_tim.o
 .debug_macro   0x0002413b      0x235 ./Drivers/STM32G4xx_HAL_Driver/Src/stm32g4xx_ll_usart.o
 .debug_macro   0x00024370      0x409 ./Drivers/STM32G4xx_HAL_Driver/Src/stm32g4xx_ll_usart.o
 .debug_macro   0x00024779      0x2ae ./Drivers/STM32G4xx_HAL_Driver/Src/stm32g4xx_ll_utils.o
 .debug_macro   0x00024a27       0x9a ./Drivers/STM32G4xx_HAL_Driver/Src/stm32g4xx_ll_utils.o

.debug_line     0x00000000    0x123b8
 .debug_line    0x00000000     0x13eb ./Core/Src/main.o
 .debug_line    0x000013eb      0xb44 ./Core/Src/openloop_isr.o
 .debug_line    0x00001f2f      0x872 ./Core/Src/stm32g4xx_hal_msp.o
 .debug_line    0x000027a1      0x797 ./Core/Src/stm32g4xx_hal_timebase_tim.o
 .debug_line    0x00002f38      0xb00 ./Core/Src/stm32g4xx_it.o
 .debug_line    0x00003a38      0x79b ./Core/Src/system_stm32g4xx.o
 .debug_line    0x000041d3       0x7b ./Core/Startup/startup_stm32g431cbux.o
 .debug_line    0x0000424e      0xb67 ./Drivers/STM32G4xx_HAL_Driver/Src/stm32g4xx_hal.o
 .debug_line    0x00004db5      0xccc ./Drivers/STM32G4xx_HAL_Driver/Src/stm32g4xx_hal_cortex.o
 .debug_line    0x00005a81      0xcc6 ./Drivers/STM32G4xx_HAL_Driver/Src/stm32g4xx_hal_pwr_ex.o
 .debug_line    0x00006747      0xfea ./Drivers/STM32G4xx_HAL_Driver/Src/stm32g4xx_hal_rcc.o
 .debug_line    0x00007731     0x3ece ./Drivers/STM32G4xx_HAL_Driver/Src/stm32g4xx_hal_tim.o
 .debug_line    0x0000b5ff     0x1fae ./Drivers/STM32G4xx_HAL_Driver/Src/stm32g4xx_hal_tim_ex.o
 .debug_line    0x0000d5ad      0xb5f ./Drivers/STM32G4xx_HAL_Driver/Src/stm32g4xx_ll_adc.o
 .debug_line    0x0000e10c      0xacb ./Drivers/STM32G4xx_HAL_Driver/Src/stm32g4xx_ll_gpio.o
 .debug_line    0x0000ebd7     0x12b7 ./Drivers/STM32G4xx_HAL_Driver/Src/stm32g4xx_ll_rcc.o
 .debug_line    0x0000fe8e      0xebd ./Drivers/STM32G4xx_HAL_Driver/Src/stm32g4xx_ll_tim.o
 .debug_line    0x00010d4b      0x9a3 ./Drivers/STM32G4xx_HAL_Driver/Src/stm32g4xx_ll_usart.o
 .debug_line    0x000116ee      0xcca ./Drivers/STM32G4xx_HAL_Driver/Src/stm32g4xx_ll_utils.o

.debug_str      0x00000000    0xe5965
 .debug_str     0x00000000    0xe5965 ./Core/Src/main.o
                              0xd9d6f (size before relaxing)
 .debug_str     0x000e5965    0xdbe03 ./Core/Src/openloop_isr.o
 .debug_str     0x000e5965    0xd8333 ./Core/Src/stm32g4xx_hal_msp.o
 .debug_str     0x000e5965    0xb8c82 ./Core/Src/stm32g4xx_hal_timebase_tim.o
 .debug_str     0x000e5965    0xd8ca5 ./Core/Src/stm32g4xx_it.o
 .debug_str     0x000e5965    0xb8151 ./Core/Src/system_stm32g4xx.o
 .debug_str     0x000e5965       0xb7 ./Core/Startup/startup_stm32g431cbux.o
 .debug_str     0x000e5965    0xb8c90 ./Drivers/STM32G4xx_HAL_Driver/Src/stm32g4xx_hal.o
 .debug_str     0x000e5965    0xb894c ./Drivers/STM32G4xx_HAL_Driver/Src/stm32g4xx_hal_cortex.o
 .debug_str     0x000e5965    0xb863f ./Drivers/STM32G4xx_HAL_Driver/Src/stm32g4xx_hal_pwr_ex.o
 .debug_str     0x000e5965    0xb884a ./Drivers/STM32G4xx_HAL_Driver/Src/stm32g4xx_hal_rcc.o
 .debug_str     0x000e5965    0xb964f ./Drivers/STM32G4xx_HAL_Driver/Src/stm32g4xx_hal_tim.o
 .debug_str     0x000e5965    0xb92c3 ./Drivers/STM32G4xx_HAL_Driver/Src/stm32g4xx_hal_tim_ex.o
 .debug_str     0x000e5965    0xc7645 ./Drivers/STM32G4xx_HAL_Driver/Src/stm32g4xx_ll_adc.o
 .debug_str     0x000e5965    0xb99d7 ./Drivers/STM32G4xx_HAL_Driver/Src/stm32g4xx_ll_gpio.o
 .debug_str     0x000e5965    0xbc04f ./Drivers/STM32G4xx_HAL_Driver/Src/stm32g4xx_ll_rcc.o
 .debug_str     0x000e5965    0xc1160 ./Drivers/STM32G4xx_HAL_Driver/Src/stm32g4xx_ll_tim.o
 .debug_str     0x000e5965    0xbe4e7 ./Drivers/STM32G4xx_HAL_Driver/Src/stm32g4xx_ll_usart.o
 .debug_str     0x000e5965    0xbea14 ./Drivers/STM32G4xx_HAL_Driver/Src/stm32g4xx_ll_utils.o

.comment        0x00000000       0x43
 .comment       0x00000000       0x43 ./Core/Src/main.o
                                 0x44 (size before relaxing)
 .comment       0x00000043       0x44 ./Core/Src/openloop_isr.o
 .comment       0x00000043       0x44 ./Core/Src/stm32g4xx_hal_msp.o
 .comment       0x00000043       0x44 ./Core/Src/stm32g4xx_hal_timebase_tim.o
 .comment       0x00000043       0x44 ./Core/Src/stm32g4xx_it.o
 .comment       0x00000043       0x44 ./Core/Src/system_stm32g4xx.o
 .comment       0x00000043       0x44 ./Drivers/STM32G4xx_HAL_Driver/Src/stm32g4xx_hal.o
 .comment       0x00000043       0x44 ./Drivers/STM32G4xx_HAL_Driver/Src/stm32g4xx_hal_cortex.o
 .comment       0x00000043       0x44 ./Drivers/STM32G4xx_HAL_Driver/Src/stm32g4xx_hal_pwr_ex.o
 .comment       0x00000043       0x44 ./Drivers/STM32G4xx_HAL_Driver/Src/stm32g4xx_hal_rcc.o
 .comment       0x00000043       0x44 ./Drivers/STM32G4xx_HAL_Driver/Src/stm32g4xx_hal_tim.o
 .comment       0x00000043       0x44 ./Drivers/STM32G4xx_HAL_Driver/Src/stm32g4xx_hal_tim_ex.o
 .comment       0x00000043       0x44 ./Drivers/STM32G4xx_HAL_Driver/Src/stm32g4xx_ll_adc.o
 .comment       0x00000043       0x44 ./Drivers/STM32G4xx_HAL_Driver/Src/stm32g4xx_ll_gpio.o
 .comment       0x00000043       0x44 ./Drivers/STM32G4xx_HAL_Driver/Src/stm32g4xx_ll_rcc.o
 .comment       0x00000043       0x44 ./Drivers/STM32G4xx_HAL_Driver/Src/stm32g4xx_ll_tim.o
 .comment       0x00000043       0x44 ./Drivers/STM32G4xx_HAL_Driver/Src/stm32g4xx_ll_usart.o
 .comment       0x00000043       0x44 ./Drivers/STM32G4xx_HAL_Driver/Src/stm32g4xx_ll_utils.o

.debug_frame    0x00000000     0x5670
 .debug_frame   0x00000000      0x9b0 ./Core/Src/main.o
 .debug_frame   0x000009b0       0xd4 ./Core/Src/openloop_isr.o
 .debug_frame   0x00000a84       0x34 ./Core/Src/stm32g4xx_hal_msp.o
 .debug_frame   0x00000ab8       0x74 ./Core/Src/stm32g4xx_hal_timebase_tim.o
 .debug_frame   0x00000b2c      0x2c4 ./Core/Src/stm32g4xx_it.o
 .debug_frame   0x00000df0       0x58 ./Core/Src/system_stm32g4xx.o
 .debug_frame   0x00000e48      0x500 ./Drivers/STM32G4xx_HAL_Driver/Src/stm32g4xx_hal.o
 .debug_frame   0x00001348      0x4e8 ./Drivers/STM32G4xx_HAL_Driver/Src/stm32g4xx_hal_cortex.o
 .debug_frame   0x00001830      0x4fc ./Drivers/STM32G4xx_HAL_Driver/Src/stm32g4xx_hal_pwr_ex.o
 .debug_frame   0x00001d2c      0x23c ./Drivers/STM32G4xx_HAL_Driver/Src/stm32g4xx_hal_rcc.o
 .debug_frame   0x00001f68     0x121c ./Drivers/STM32G4xx_HAL_Driver/Src/stm32g4xx_hal_tim.o
 .debug_frame   0x00003184      0xa68 ./Drivers/STM32G4xx_HAL_Driver/Src/stm32g4xx_hal_tim_ex.o
 .debug_frame   0x00003bec      0x398 ./Drivers/STM32G4xx_HAL_Driver/Src/stm32g4xx_ll_adc.o
 .debug_frame   0x00003f84      0x1c0 ./Drivers/STM32G4xx_HAL_Driver/Src/stm32g4xx_ll_gpio.o
 .debug_frame   0x00004144      0x74c ./Drivers/STM32G4xx_HAL_Driver/Src/stm32g4xx_ll_rcc.o
 .debug_frame   0x00004890      0x5d0 ./Drivers/STM32G4xx_HAL_Driver/Src/stm32g4xx_ll_tim.o
 .debug_frame   0x00004e60      0x238 ./Drivers/STM32G4xx_HAL_Driver/Src/stm32g4xx_ll_usart.o
 .debug_frame   0x00005098      0x420 ./Drivers/STM32G4xx_HAL_Driver/Src/stm32g4xx_ll_utils.o
 .debug_frame   0x000054b8       0x20 C:/ST/STM32CubeIDE_1.17.0/STM32CubeIDE/plugins/com.st.stm32cube.ide.mcu.externaltools.gnu-tools-for-stm32.13.3.rel1.win32_1.0.0.202411081344/tools/bin/../lib/gcc/arm-none-eabi/13.3.1/../../../../arm-none-eabi/lib/thumb/v7e-m+fp/hard\libc_nano.a(libc_a-memset.o)
 .debug_frame   0x000054d8       0x2c C:/ST/STM32CubeIDE_1.17.0/STM32CubeIDE/plugins/com.st.stm32cube.ide.mcu.externaltools.gnu-tools-for-stm32.13.3.rel1.win32_1.0.0.202411081344/tools/bin/../lib/gcc/arm-none-eabi/13.3.1/../../../../arm-none-eabi/lib/thumb/v7e-m+fp/hard\libc_nano.a(libc_a-init.o)
 .debug_frame   0x00005504       0x38 C:/ST/STM32CubeIDE_1.17.0/STM32CubeIDE/plugins/com.st.stm32cube.ide.mcu.externaltools.gnu-tools-for-stm32.13.3.rel1.win32_1.0.0.202411081344/tools/bin/../lib/gcc/arm-none-eabi/13.3.1/../../../../arm-none-eabi/lib/thumb/v7e-m+fp/hard\libm.a(libm_a-sf_sin.o)
 .debug_frame   0x0000553c       0x20 C:/ST/STM32CubeIDE_1.17.0/STM32CubeIDE/plugins/com.st.stm32cube.ide.mcu.externaltools.gnu-tools-for-stm32.13.3.rel1.win32_1.0.0.202411081344/tools/bin/../lib/gcc/arm-none-eabi/13.3.1/../../../../arm-none-eabi/lib/thumb/v7e-m+fp/hard\libm.a(libm_a-kf_cos.o)
 .debug_frame   0x0000555c       0x20 C:/ST/STM32CubeIDE_1.17.0/STM32CubeIDE/plugins/com.st.stm32cube.ide.mcu.externaltools.gnu-tools-for-stm32.13.3.rel1.win32_1.0.0.202411081344/tools/bin/../lib/gcc/arm-none-eabi/13.3.1/../../../../arm-none-eabi/lib/thumb/v7e-m+fp/hard\libm.a(libm_a-kf_sin.o)
 .debug_frame   0x0000557c       0x38 C:/ST/STM32CubeIDE_1.17.0/STM32CubeIDE/plugins/com.st.stm32cube.ide.mcu.externaltools.gnu-tools-for-stm32.13.3.rel1.win32_1.0.0.202411081344/tools/bin/../lib/gcc/arm-none-eabi/13.3.1/../../../../arm-none-eabi/lib/thumb/v7e-m+fp/hard\libm.a(libm_a-ef_rem_pio2.o)
 .debug_frame   0x000055b4       0x20 C:/ST/STM32CubeIDE_1.17.0/STM32CubeIDE/plugins/com.st.stm32cube.ide.mcu.externaltools.gnu-tools-for-stm32.13.3.rel1.win32_1.0.0.202411081344/tools/bin/../lib/gcc/arm-none-eabi/13.3.1/../../../../arm-none-eabi/lib/thumb/v7e-m+fp/hard\libm.a(libm_a-sf_fabs.o)
 .debug_frame   0x000055d4       0x5c C:/ST/STM32CubeIDE_1.17.0/STM32CubeIDE/plugins/com.st.stm32cube.ide.mcu.externaltools.gnu-tools-for-stm32.13.3.rel1.win32_1.0.0.202411081344/tools/bin/../lib/gcc/arm-none-eabi/13.3.1/../../../../arm-none-eabi/lib/thumb/v7e-m+fp/hard\libm.a(libm_a-kf_rem_pio2.o)
 .debug_frame   0x00005630       0x20 C:/ST/STM32CubeIDE_1.17.0/STM32CubeIDE/plugins/com.st.stm32cube.ide.mcu.externaltools.gnu-tools-for-stm32.13.3.rel1.win32_1.0.0.202411081344/tools/bin/../lib/gcc/arm-none-eabi/13.3.1/../../../../arm-none-eabi/lib/thumb/v7e-m+fp/hard\libm.a(libm_a-sf_scalbn.o)
 .debug_frame   0x00005650       0x20 C:/ST/STM32CubeIDE_1.17.0/STM32CubeIDE/plugins/com.st.stm32cube.ide.mcu.externaltools.gnu-tools-for-stm32.13.3.rel1.win32_1.0.0.202411081344/tools/bin/../lib/gcc/arm-none-eabi/13.3.1/../../../../arm-none-eabi/lib/thumb/v7e-m+fp/hard\libm.a(libm_a-sf_floor.o)

.debug_line_str
                0x00000000       0x9b
 .debug_line_str
                0x00000000       0x9b ./Core/Startup/startup_stm32g431cbux.o
