../Drivers/CMSIS/Include/core_cm4.h:1667:26:__NVIC_GetPriorityGrouping	4	static
../Drivers/CMSIS/Include/core_cm4.h:1679:22:__NVIC_EnableIRQ	16	static,ignoring_inline_asm
../Drivers/CMSIS/Include/core_cm4.h:1809:22:__NVIC_SetPriority	16	static
../Drivers/CMSIS/Include/core_cm4.h:1856:26:NVIC_EncodePriority	40	static
../Drivers/STM32G4xx_HAL_Driver/Inc/stm32g4xx_ll_adc.h:4471:22:LL_ADC_SetGainCompensation	16	static
../Drivers/STM32G4xx_HAL_Driver/Inc/stm32g4xx_ll_adc.h:5401:22:LL_ADC_INJ_SetTriggerSource	16	static
../Drivers/STM32G4xx_HAL_Driver/Inc/stm32g4xx_ll_adc.h:5514:22:LL_ADC_INJ_SetTriggerEdge	16	static
../Drivers/STM32G4xx_HAL_Driver/Inc/stm32g4xx_ll_adc.h:5686:22:LL_ADC_INJ_SetSequencerRanks	24	static
../Drivers/STM32G4xx_HAL_Driver/Inc/stm32g4xx_ll_adc.h:5873:22:LL_ADC_INJ_SetQueueMode	16	static
../Drivers/STM32G4xx_HAL_Driver/Inc/stm32g4xx_ll_adc.h:6319:22:LL_ADC_SetChannelSamplingTime	32	static
../Drivers/STM32G4xx_HAL_Driver/Inc/stm32g4xx_ll_adc.h:6490:22:LL_ADC_SetChannelSingleDiff	24	static
../Drivers/STM32G4xx_HAL_Driver/Inc/stm32g4xx_ll_adc.h:7192:22:LL_ADC_SetOverSamplingScope	16	static
../Drivers/STM32G4xx_HAL_Driver/Inc/stm32g4xx_ll_adc.h:7621:22:LL_ADC_DisableDeepPowerDown	16	static
../Drivers/STM32G4xx_HAL_Driver/Inc/stm32g4xx_ll_adc.h:7654:22:LL_ADC_EnableInternalRegulator	16	static
../Drivers/STM32G4xx_HAL_Driver/Inc/stm32g4xx_ll_adc.h:7705:22:LL_ADC_Enable	16	static
../Drivers/STM32G4xx_HAL_Driver/Inc/stm32g4xx_ll_adc.h:7783:22:LL_ADC_StartCalibration	16	static
../Drivers/STM32G4xx_HAL_Driver/Inc/stm32g4xx_ll_adc.h:7799:26:LL_ADC_IsCalibrationOnGoing	16	static
../Drivers/STM32G4xx_HAL_Driver/Inc/stm32g4xx_ll_adc.h:8056:22:LL_ADC_INJ_StartConversion	16	static
../Drivers/STM32G4xx_HAL_Driver/Inc/stm32g4xx_ll_adc.h:8264:26:LL_ADC_IsActiveFlag_ADRDY	16	static
../Drivers/STM32G4xx_HAL_Driver/Inc/stm32g4xx_ll_adc.h:8849:22:LL_ADC_EnableIT_JEOS	16	static
../Drivers/STM32G4xx_HAL_Driver/Inc/stm32g4xx_ll_rcc.h:920:22:LL_RCC_HSE_EnableCSS	4	static
../Drivers/STM32G4xx_HAL_Driver/Inc/stm32g4xx_ll_rcc.h:950:22:LL_RCC_HSE_Enable	4	static
../Drivers/STM32G4xx_HAL_Driver/Inc/stm32g4xx_ll_rcc.h:970:26:LL_RCC_HSE_IsReady	4	static
../Drivers/STM32G4xx_HAL_Driver/Inc/stm32g4xx_ll_rcc.h:1346:22:LL_RCC_SetSysClkSource	16	static
../Drivers/STM32G4xx_HAL_Driver/Inc/stm32g4xx_ll_rcc.h:1359:26:LL_RCC_GetSysClkSource	4	static
../Drivers/STM32G4xx_HAL_Driver/Inc/stm32g4xx_ll_rcc.h:1379:22:LL_RCC_SetAHBPrescaler	16	static
../Drivers/STM32G4xx_HAL_Driver/Inc/stm32g4xx_ll_rcc.h:1395:22:LL_RCC_SetAPB1Prescaler	16	static
../Drivers/STM32G4xx_HAL_Driver/Inc/stm32g4xx_ll_rcc.h:1411:22:LL_RCC_SetAPB2Prescaler	16	static
../Drivers/STM32G4xx_HAL_Driver/Inc/stm32g4xx_ll_rcc.h:1527:22:LL_RCC_SetUSARTClockSource	16	static
../Drivers/STM32G4xx_HAL_Driver/Inc/stm32g4xx_ll_rcc.h:1704:22:LL_RCC_SetADCClockSource	16	static
../Drivers/STM32G4xx_HAL_Driver/Inc/stm32g4xx_ll_rcc.h:2063:22:LL_RCC_PLL_Enable	4	static
../Drivers/STM32G4xx_HAL_Driver/Inc/stm32g4xx_ll_rcc.h:2084:26:LL_RCC_PLL_IsReady	4	static
../Drivers/STM32G4xx_HAL_Driver/Inc/stm32g4xx_ll_rcc.h:2127:22:LL_RCC_PLL_ConfigDomain_SYS	24	static
../Drivers/STM32G4xx_HAL_Driver/Inc/stm32g4xx_ll_rcc.h:2456:22:LL_RCC_PLL_EnableDomain_SYS	4	static
../Drivers/STM32G4xx_HAL_Driver/Inc/stm32g4xx_ll_bus.h:451:22:LL_AHB2_GRP1_EnableClock	24	static
../Drivers/STM32G4xx_HAL_Driver/Inc/stm32g4xx_ll_bus.h:913:22:LL_APB1_GRP1_EnableClock	24	static
../Drivers/STM32G4xx_HAL_Driver/Inc/stm32g4xx_ll_bus.h:1427:22:LL_APB2_GRP1_EnableClock	24	static
../Drivers/STM32G4xx_HAL_Driver/Inc/stm32g4xx_ll_system.h:1292:22:LL_FLASH_SetLatency	16	static
../Drivers/STM32G4xx_HAL_Driver/Inc/stm32g4xx_ll_system.h:1320:26:LL_FLASH_GetLatency	4	static
../Drivers/STM32G4xx_HAL_Driver/Inc/stm32g4xx_ll_pwr.h:341:22:LL_PWR_EnableRange1BoostMode	4	static
../Drivers/STM32G4xx_HAL_Driver/Inc/stm32g4xx_ll_tim.h:2023:22:LL_TIM_EnableCounter	16	static
../Drivers/STM32G4xx_HAL_Driver/Inc/stm32g4xx_ll_tim.h:2214:22:LL_TIM_DisableARRPreload	16	static
../Drivers/STM32G4xx_HAL_Driver/Inc/stm32g4xx_ll_tim.h:2378:22:LL_TIM_SetRepetitionCounter	16	static
../Drivers/STM32G4xx_HAL_Driver/Inc/stm32g4xx_ll_tim.h:2604:22:LL_TIM_CC_EnableChannel	16	static
../Drivers/STM32G4xx_HAL_Driver/Inc/stm32g4xx_ll_tim.h:2993:22:LL_TIM_OC_DisableFast	24	static
../Drivers/STM32G4xx_HAL_Driver/Inc/stm32g4xx_ll_tim.h:3045:22:LL_TIM_OC_EnablePreload	24	static
../Drivers/STM32G4xx_HAL_Driver/Inc/stm32g4xx_ll_tim.h:4007:22:LL_TIM_SetTriggerOutput	16	static
../Drivers/STM32G4xx_HAL_Driver/Inc/stm32g4xx_ll_tim.h:4037:22:LL_TIM_SetTriggerOutput2	16	static
../Drivers/STM32G4xx_HAL_Driver/Inc/stm32g4xx_ll_tim.h:4113:22:LL_TIM_DisableMasterSlaveMode	16	static
../Drivers/STM32G4xx_HAL_Driver/Inc/stm32g4xx_ll_tim.h:4623:22:LL_TIM_EnableAllOutputs	16	static
../Drivers/STM32G4xx_HAL_Driver/Inc/stm32g4xx_ll_usart.h:634:22:LL_USART_Enable	16	static
../Drivers/STM32G4xx_HAL_Driver/Inc/stm32g4xx_ll_usart.h:685:22:LL_USART_DisableFIFO	16	static
../Drivers/STM32G4xx_HAL_Driver/Inc/stm32g4xx_ll_usart.h:718:22:LL_USART_SetTXFIFOThreshold	40	static,ignoring_inline_asm
../Drivers/STM32G4xx_HAL_Driver/Inc/stm32g4xx_ll_usart.h:757:22:LL_USART_SetRXFIFOThreshold	40	static,ignoring_inline_asm
../Drivers/STM32G4xx_HAL_Driver/Inc/stm32g4xx_ll_usart.h:2673:22:LL_USART_ConfigAsyncMode	16	static
../Drivers/STM32G4xx_HAL_Driver/Inc/stm32g4xx_ll_usart.h:3193:26:LL_USART_IsActiveFlag_TEACK	16	static
../Drivers/STM32G4xx_HAL_Driver/Inc/stm32g4xx_ll_usart.h:3204:26:LL_USART_IsActiveFlag_REACK	16	static
../Core/Src/main.c:67:5:main	8	static
../Core/Src/main.c:165:6:SystemClock_Config	16	static
../Core/Src/main.c:215:13:MX_ADC1_Init	104	static
../Core/Src/main.c:322:13:MX_TIM1_Init	136	static
../Core/Src/main.c:451:13:MX_USART2_UART_Init	64	static
../Core/Src/main.c:530:13:MX_GPIO_Init	8	static
../Core/Src/main.c:559:6:HAL_TIM_PeriodElapsedCallback	16	static
../Core/Src/main.c:577:6:Error_Handler	4	static,ignoring_inline_asm
