../Drivers/STM32G4xx_HAL_Driver/Inc/stm32g4xx_ll_adc.h:8153:26:LL_ADC_INJ_ReadConversionData12	24	static
../Drivers/STM32G4xx_HAL_Driver/Inc/stm32g4xx_ll_adc.h:8330:26:LL_ADC_IsActiveFlag_JEOS	16	static
../Drivers/STM32G4xx_HAL_Driver/Inc/stm32g4xx_ll_adc.h:8454:22:LL_ADC_ClearFlag_JEOS	16	static
../Drivers/STM32G4xx_HAL_Driver/Inc/stm32g4xx_ll_tim.h:3217:22:LL_TIM_OC_SetCompareCH1	16	static
../Drivers/STM32G4xx_HAL_Driver/Inc/stm32g4xx_ll_tim.h:3235:22:LL_TIM_OC_SetCompareCH2	16	static
../Drivers/STM32G4xx_HAL_Driver/Inc/stm32g4xx_ll_tim.h:3253:22:LL_TIM_OC_SetCompareCH3	16	static
../Drivers/STM32G4xx_HAL_Driver/Inc/stm32g4xx_ll_usart.h:3023:26:LL_USART_IsActiveFlag_TXE_TXFNF	16	static
../Drivers/STM32G4xx_HAL_Driver/Inc/stm32g4xx_ll_usart.h:3719:22:LL_USART_DisableIT_TXE_TXFNF	40	static,ignoring_inline_asm
../Drivers/STM32G4xx_HAL_Driver/Inc/stm32g4xx_ll_usart.h:4274:22:LL_USART_TransmitData8	16	static
../Core/Src/stm32g4xx_it.c:73:6:NMI_Handler	4	static
../Core/Src/stm32g4xx_it.c:88:6:HardFault_Handler	4	static
../Core/Src/stm32g4xx_it.c:103:6:MemManage_Handler	4	static
../Core/Src/stm32g4xx_it.c:118:6:BusFault_Handler	4	static
../Core/Src/stm32g4xx_it.c:133:6:UsageFault_Handler	4	static
../Core/Src/stm32g4xx_it.c:148:6:SVC_Handler	4	static
../Core/Src/stm32g4xx_it.c:161:6:DebugMon_Handler	4	static
../Core/Src/stm32g4xx_it.c:174:6:PendSV_Handler	4	static
../Core/Src/stm32g4xx_it.c:187:6:SysTick_Handler	4	static
../Core/Src/stm32g4xx_it.c:208:6:ADC1_2_IRQHandler	8	static
../Core/Src/stm32g4xx_it.c:240:6:TIM2_IRQHandler	8	static
../Core/Src/stm32g4xx_it.c:254:6:USART2_IRQHandler	8	static
